2025-10-14 14:49:31 - root - [32mINFO[0m - ============================================================
2025-10-14 14:49:31 - root - [32mINFO[0m - Logging initialized
2025-10-14 14:49:31 - root - [32mINFO[0m - Log level: INFO
2025-10-14 14:49:31 - root - [32mINFO[0m - Log file: D:\AutoData2\AutoData2\thamluan\logs\autodata_20251014_144931.log
2025-10-14 14:49:31 - root - [32mINFO[0m - ============================================================
2025-10-14 14:49:31 - root - [32mINFO[0m - ================================================================================
2025-10-14 14:49:31 - root - [32mINFO[0m - AutoData - HYBRID WORKFLOW (PDF + Opinion Crawler)
2025-10-14 14:49:31 - root - [32mINFO[0m - ================================================================================
2025-10-14 14:49:31 - root - [32mINFO[0m - Pipeline: Law List → PDF → Extract → Opinions → NLP → Export
2025-10-14 14:49:31 - root - [32mINFO[0m - ================================================================================
2025-10-14 14:49:49 - root - [32mINFO[0m - Topic/Project: Luật Trí tuệ nhân tạo
2025-10-14 14:49:49 - root - [32mINFO[0m - Running workflow asynchronously...
2025-10-14 14:49:49 - core.auto - [32mINFO[0m - ================================================================================
2025-10-14 14:49:49 - core.auto - [32mINFO[0m - Starting AutoData Workflow (Article-Based)
2025-10-14 14:49:49 - core.auto - [32mINFO[0m - ================================================================================
2025-10-14 14:49:49 - core.auto - [32mINFO[0m - Topic/Project: Luật Trí tuệ nhân tạo
2025-10-14 14:49:49 - core.auto - [32mINFO[0m - ================================================================================
2025-10-14 14:49:49 - core.auto - [32mINFO[0m -  Executing workflow asynchronously...
2025-10-14 14:49:49 - agents.manager - [32mINFO[0m - ============================================================
2025-10-14 14:49:49 - agents.manager - [32mINFO[0m - Manager Agent executing...
2025-10-14 14:49:49 - agents.manager - [32mINFO[0m - ============================================================
2025-10-14 14:49:49 - agents.manager - [32mINFO[0m - Starting HYBRID workflow...
2025-10-14 14:49:49 - agents.manager - [32mINFO[0m - Project/Topic: Luật Trí tuệ nhân tạo
2025-10-14 14:49:49 - agents.manager - [32mINFO[0m - Reference URL: Not provided
2025-10-14 14:49:49 - agents.base - [32mINFO[0m - Created task: manager_20251014_144949 (search_law_list)
2025-10-14 14:49:49 - agents.manager - [32mINFO[0m - ✅ Created first task: search_law_list
2025-10-14 14:49:49 - core.auto - [32mINFO[0m -  Routing: current_task=search_law_list, is_complete=False
2025-10-14 14:49:49 - core.auto - [32mINFO[0m -  Routing to: law_list_search_agent
2025-10-14 14:49:49 - agents.hybrid_agents - [32mINFO[0m - 📋 Law List Search Agent executing...
2025-10-14 14:49:49 - agents.hybrid_agents - [32mINFO[0m - 🔍 Searching law documents for: Luật Trí tuệ nhân tạo
2025-10-14 14:49:49 - tools.law_list_crawler - [32mINFO[0m - 🔍 Crawling law list for topic: 'Luật Trí tuệ nhân tạo'
2025-10-14 14:49:49 - tools.law_list_crawler - [32mINFO[0m - 📍 Source: https://duthaoonline.quochoi.vn/du-thao
2025-10-14 14:49:49 - tools.law_list_crawler - [32mINFO[0m - 🎯 Similarity threshold: 0.3
2025-10-14 14:49:51 - tools.law_list_crawler - [32mINFO[0m - ✅ Chrome driver initialized (headless mode)
2025-10-14 14:49:51 - tools.law_list_crawler - [32mINFO[0m - 🌐 Loading page: https://duthaoonline.quochoi.vn/du-thao
2025-10-14 14:49:55 - tools.law_list_crawler - [32mINFO[0m - ⏳ Waiting for content to load...
2025-10-14 14:49:58 - tools.law_list_crawler - [32mINFO[0m - ✅ Page loaded successfully
2025-10-14 14:49:58 - tools.law_list_crawler - [32mINFO[0m - 📄 Found 10 articles on page
2025-10-14 14:49:58 - tools.law_list_crawler - [32mINFO[0m - 📰 Article 1/10:
2025-10-14 14:49:58 - tools.law_list_crawler - [32mINFO[0m -    Title: Luật Trí tuệ nhân tạo...
2025-10-14 14:49:58 - tools.law_list_crawler - [32mINFO[0m -    Similarity: 100.00%
2025-10-14 14:49:58 - tools.law_list_crawler - [32mINFO[0m -    ✅ MATCH! (threshold: 0.3)
2025-10-14 14:49:58 - tools.law_list_crawler - [32mINFO[0m -    💾 Saved: 1/20
2025-10-14 14:49:58 - tools.law_list_crawler - [32mINFO[0m - 📰 Article 2/10:
2025-10-14 14:49:58 - tools.law_list_crawler - [32mINFO[0m -    Title: Luật Đầu tư kinh doanh...
2025-10-14 14:49:58 - tools.law_list_crawler - [32mINFO[0m -    Similarity: 51.16%
2025-10-14 14:49:58 - tools.law_list_crawler - [32mINFO[0m -    ✅ MATCH! (threshold: 0.3)
2025-10-14 14:49:58 - tools.law_list_crawler - [32mINFO[0m -    💾 Saved: 2/20
2025-10-14 14:49:58 - tools.law_list_crawler - [32mINFO[0m - 📰 Article 3/10:
2025-10-14 14:49:58 - tools.law_list_crawler - [32mINFO[0m -    Title: Luật sửa đổi, bổ sung một số điều của Luật Quy hoạch Đô thị và nông thôn...
2025-10-14 14:49:58 - tools.law_list_crawler - [32mINFO[0m -    Similarity: 27.96%
2025-10-14 14:49:58 - tools.law_list_crawler - [32mINFO[0m -    ❌ Below threshold, skipping
2025-10-14 14:49:58 - tools.law_list_crawler - [32mINFO[0m - 📰 Article 4/10:
2025-10-14 14:49:58 - tools.law_list_crawler - [32mINFO[0m -    Title: Luật Xây dựng (sửa đổi)...
2025-10-14 14:49:58 - tools.law_list_crawler - [32mINFO[0m -    Similarity: 36.36%
2025-10-14 14:49:58 - tools.law_list_crawler - [32mINFO[0m -    ✅ MATCH! (threshold: 0.3)
2025-10-14 14:49:58 - tools.law_list_crawler - [32mINFO[0m -    💾 Saved: 3/20
2025-10-14 14:49:58 - tools.law_list_crawler - [32mINFO[0m - 📰 Article 5/10:
2025-10-14 14:49:58 - tools.law_list_crawler - [32mINFO[0m -    Title: Luật sửa đổi, bổ sung một số điều của Luật Thống kê số 89/2015/QH13 và Luật số 0...
2025-10-14 14:49:58 - tools.law_list_crawler - [32mINFO[0m -    Similarity: 10.68%
2025-10-14 14:49:58 - tools.law_list_crawler - [32mINFO[0m -    ❌ Below threshold, skipping
2025-10-14 14:49:58 - tools.law_list_crawler - [32mINFO[0m - 📰 Article 6/10:
2025-10-14 14:49:58 - tools.law_list_crawler - [32mINFO[0m -    Title: Luật Quản lý thuế (sửa đổi)...
2025-10-14 14:49:58 - tools.law_list_crawler - [32mINFO[0m -    Similarity: 41.67%
2025-10-14 14:49:58 - tools.law_list_crawler - [32mINFO[0m -    ✅ MATCH! (threshold: 0.3)
2025-10-14 14:49:58 - tools.law_list_crawler - [32mINFO[0m -    💾 Saved: 4/20
2025-10-14 14:49:58 - tools.law_list_crawler - [32mINFO[0m - 📰 Article 7/10:
2025-10-14 14:49:58 - tools.law_list_crawler - [32mINFO[0m -    Title: Luật Công nghệ cao (sửa đổi)...
2025-10-14 14:49:58 - tools.law_list_crawler - [32mINFO[0m -    Similarity: 36.73%
2025-10-14 14:49:58 - tools.law_list_crawler - [32mINFO[0m -    ✅ MATCH! (threshold: 0.3)
2025-10-14 14:49:58 - tools.law_list_crawler - [32mINFO[0m -    💾 Saved: 5/20
2025-10-14 14:49:58 - tools.law_list_crawler - [32mINFO[0m - 📰 Article 8/10:
2025-10-14 14:49:58 - tools.law_list_crawler - [32mINFO[0m -    Title: Luật sửa đổi, bổ sung một số điều của Luật Kinh doanh bảo hiểm...
2025-10-14 14:49:58 - tools.law_list_crawler - [32mINFO[0m -    Similarity: 33.73%
2025-10-14 14:49:58 - tools.law_list_crawler - [32mINFO[0m -    ✅ MATCH! (threshold: 0.3)
2025-10-14 14:49:58 - tools.law_list_crawler - [32mINFO[0m -    💾 Saved: 6/20
2025-10-14 14:49:58 - tools.law_list_crawler - [32mINFO[0m - 📰 Article 9/10:
2025-10-14 14:49:58 - tools.law_list_crawler - [32mINFO[0m -    Title: Luật sửa đổi, bổ sung một số điều của Luật Sở hữu trí tuệ...
2025-10-14 14:49:58 - tools.law_list_crawler - [32mINFO[0m -    Similarity: 30.77%
2025-10-14 14:49:58 - tools.law_list_crawler - [32mINFO[0m -    ✅ MATCH! (threshold: 0.3)
2025-10-14 14:49:58 - tools.law_list_crawler - [32mINFO[0m -    💾 Saved: 7/20
2025-10-14 14:49:59 - tools.law_list_crawler - [32mINFO[0m - 📰 Article 10/10:
2025-10-14 14:49:59 - tools.law_list_crawler - [32mINFO[0m -    Title: Luật sửa đổi, bổ sung một số điều của Luật Chuyển giao công nghệ...
2025-10-14 14:49:59 - tools.law_list_crawler - [32mINFO[0m -    Similarity: 28.24%
2025-10-14 14:49:59 - tools.law_list_crawler - [32mINFO[0m -    ❌ Below threshold, skipping
2025-10-14 14:50:01 - tools.law_list_crawler - [32mINFO[0m - ✅ Chrome driver closed
2025-10-14 14:50:01 - tools.law_list_crawler - [32mINFO[0m - ✅ Crawl complete: 7 documents found
2025-10-14 14:50:01 - tools.law_list_crawler - [31mERROR[0m - ❌ Crawl error: ToolResult.__init__() got an unexpected keyword argument 'message'
2025-10-14 14:50:05 - urllib3.connectionpool - [33mWARNING[0m - Retrying (Retry(total=2, connect=None, read=None, redirect=None, status=None)) after connection broken by 'NewConnectionError('<urllib3.connection.HTTPConnection object at 0x000001FB78645ED0>: Failed to establish a new connection: [WinError 10061] No connection could be made because the target machine actively refused it')': /session/a1813e50c1ff0162c976125b6d10a7f8
2025-10-14 14:50:09 - urllib3.connectionpool - [33mWARNING[0m - Retrying (Retry(total=1, connect=None, read=None, redirect=None, status=None)) after connection broken by 'NewConnectionError('<urllib3.connection.HTTPConnection object at 0x000001FB78644D90>: Failed to establish a new connection: [WinError 10061] No connection could be made because the target machine actively refused it')': /session/a1813e50c1ff0162c976125b6d10a7f8
2025-10-14 14:50:13 - urllib3.connectionpool - [33mWARNING[0m - Retrying (Retry(total=0, connect=None, read=None, redirect=None, status=None)) after connection broken by 'NewConnectionError('<urllib3.connection.HTTPConnection object at 0x000001FB78645550>: Failed to establish a new connection: [WinError 10061] No connection could be made because the target machine actively refused it')': /session/a1813e50c1ff0162c976125b6d10a7f8
2025-10-14 14:50:21 - tools.law_list_crawler - [32mINFO[0m - ✅ Chrome driver closed
2025-10-14 14:50:21 - agents.base - [31mERROR[0m - Task failed: manager_20251014_144949 - Crawl failed: ToolResult.__init__() got an unexpected keyword argument 'message'
2025-10-14 14:50:21 - agents.base - [31mERROR[0m - Law List Search Agent error: Crawl failed: ToolResult.__init__() got an unexpected keyword argument 'message'
2025-10-14 14:50:21 - agents.manager - [32mINFO[0m - ============================================================
2025-10-14 14:50:21 - agents.manager - [32mINFO[0m - Manager Agent executing...
2025-10-14 14:50:21 - agents.manager - [32mINFO[0m - ============================================================
2025-10-14 14:50:21 - agents.manager - [32mINFO[0m - Current task: search_law_list - failed
2025-10-14 14:50:21 - agents.manager - [32mINFO[0m - 🔍 End of Manager logic: next_task=False, is_complete=False
2025-10-14 14:50:21 - agents.manager - [32mINFO[0m - ℹ️ No new task to create, workflow continues with current task
2025-10-14 14:50:21 - agents.manager - [32mINFO[0m - 🔄 Manager returning state with current_task=search_law_list
2025-10-14 14:50:21 - core.auto - [32mINFO[0m -  Routing: current_task=search_law_list, is_complete=False
2025-10-14 14:50:21 - core.auto - [32mINFO[0m -  Routing to: law_list_search_agent
2025-10-14 14:50:21 - agents.hybrid_agents - [32mINFO[0m - 📋 Law List Search Agent executing...
2025-10-14 14:50:21 - agents.hybrid_agents - [32mINFO[0m - 🔍 Searching law documents for: Luật Trí tuệ nhân tạo
2025-10-14 14:50:21 - tools.law_list_crawler - [32mINFO[0m - 🔍 Crawling law list for topic: 'Luật Trí tuệ nhân tạo'
2025-10-14 14:50:21 - tools.law_list_crawler - [32mINFO[0m - 📍 Source: https://duthaoonline.quochoi.vn/du-thao
2025-10-14 14:50:21 - tools.law_list_crawler - [32mINFO[0m - 🎯 Similarity threshold: 0.3
2025-10-14 14:50:22 - tools.law_list_crawler - [32mINFO[0m - ✅ Chrome driver initialized (headless mode)
2025-10-14 14:50:22 - tools.law_list_crawler - [32mINFO[0m - 🌐 Loading page: https://duthaoonline.quochoi.vn/du-thao
2025-10-14 14:50:23 - tools.law_list_crawler - [32mINFO[0m - ⏳ Waiting for content to load...
2025-10-14 14:50:26 - tools.law_list_crawler - [32mINFO[0m - ✅ Page loaded successfully
2025-10-14 14:50:26 - tools.law_list_crawler - [32mINFO[0m - 📄 Found 10 articles on page
2025-10-14 14:50:26 - tools.law_list_crawler - [32mINFO[0m - 📰 Article 1/10:
2025-10-14 14:50:26 - tools.law_list_crawler - [32mINFO[0m -    Title: Luật Trí tuệ nhân tạo...
2025-10-14 14:50:26 - tools.law_list_crawler - [32mINFO[0m -    Similarity: 100.00%
2025-10-14 14:50:26 - tools.law_list_crawler - [32mINFO[0m -    ✅ MATCH! (threshold: 0.3)
2025-10-14 14:50:26 - tools.law_list_crawler - [32mINFO[0m -    💾 Saved: 1/20
2025-10-14 14:50:26 - tools.law_list_crawler - [32mINFO[0m - 📰 Article 2/10:
2025-10-14 14:50:26 - tools.law_list_crawler - [32mINFO[0m -    Title: Luật Đầu tư kinh doanh...
2025-10-14 14:50:26 - tools.law_list_crawler - [32mINFO[0m -    Similarity: 51.16%
2025-10-14 14:50:26 - tools.law_list_crawler - [32mINFO[0m -    ✅ MATCH! (threshold: 0.3)
2025-10-14 14:50:26 - tools.law_list_crawler - [32mINFO[0m -    💾 Saved: 2/20
2025-10-14 14:50:26 - tools.law_list_crawler - [32mINFO[0m - 📰 Article 3/10:
2025-10-14 14:50:26 - tools.law_list_crawler - [32mINFO[0m -    Title: Luật sửa đổi, bổ sung một số điều của Luật Quy hoạch Đô thị và nông thôn...
2025-10-14 14:50:26 - tools.law_list_crawler - [32mINFO[0m -    Similarity: 27.96%
2025-10-14 14:50:26 - tools.law_list_crawler - [32mINFO[0m -    ❌ Below threshold, skipping
2025-10-14 14:50:26 - tools.law_list_crawler - [32mINFO[0m - 📰 Article 4/10:
2025-10-14 14:50:26 - tools.law_list_crawler - [32mINFO[0m -    Title: Luật Xây dựng (sửa đổi)...
2025-10-14 14:50:26 - tools.law_list_crawler - [32mINFO[0m -    Similarity: 36.36%
2025-10-14 14:50:26 - tools.law_list_crawler - [32mINFO[0m -    ✅ MATCH! (threshold: 0.3)
2025-10-14 14:50:26 - tools.law_list_crawler - [32mINFO[0m -    💾 Saved: 3/20
2025-10-14 14:50:26 - tools.law_list_crawler - [32mINFO[0m - 📰 Article 5/10:
2025-10-14 14:50:26 - tools.law_list_crawler - [32mINFO[0m -    Title: Luật sửa đổi, bổ sung một số điều của Luật Thống kê số 89/2015/QH13 và Luật số 0...
2025-10-14 14:50:26 - tools.law_list_crawler - [32mINFO[0m -    Similarity: 10.68%
2025-10-14 14:50:26 - tools.law_list_crawler - [32mINFO[0m -    ❌ Below threshold, skipping
2025-10-14 14:50:26 - tools.law_list_crawler - [32mINFO[0m - 📰 Article 6/10:
2025-10-14 14:50:26 - tools.law_list_crawler - [32mINFO[0m -    Title: Luật Quản lý thuế (sửa đổi)...
2025-10-14 14:50:26 - tools.law_list_crawler - [32mINFO[0m -    Similarity: 41.67%
2025-10-14 14:50:26 - tools.law_list_crawler - [32mINFO[0m -    ✅ MATCH! (threshold: 0.3)
2025-10-14 14:50:26 - tools.law_list_crawler - [32mINFO[0m -    💾 Saved: 4/20
2025-10-14 14:50:26 - tools.law_list_crawler - [32mINFO[0m - 📰 Article 7/10:
2025-10-14 14:50:26 - tools.law_list_crawler - [32mINFO[0m -    Title: Luật Công nghệ cao (sửa đổi)...
2025-10-14 14:50:26 - tools.law_list_crawler - [32mINFO[0m -    Similarity: 36.73%
2025-10-14 14:50:26 - tools.law_list_crawler - [32mINFO[0m -    ✅ MATCH! (threshold: 0.3)
2025-10-14 14:50:26 - tools.law_list_crawler - [32mINFO[0m -    💾 Saved: 5/20
2025-10-14 14:50:26 - tools.law_list_crawler - [32mINFO[0m - 📰 Article 8/10:
2025-10-14 14:50:26 - tools.law_list_crawler - [32mINFO[0m -    Title: Luật sửa đổi, bổ sung một số điều của Luật Kinh doanh bảo hiểm...
2025-10-14 14:50:26 - tools.law_list_crawler - [32mINFO[0m -    Similarity: 33.73%
2025-10-14 14:50:26 - tools.law_list_crawler - [32mINFO[0m -    ✅ MATCH! (threshold: 0.3)
2025-10-14 14:50:26 - tools.law_list_crawler - [32mINFO[0m -    💾 Saved: 6/20
2025-10-14 14:50:26 - tools.law_list_crawler - [32mINFO[0m - 📰 Article 9/10:
2025-10-14 14:50:26 - tools.law_list_crawler - [32mINFO[0m -    Title: Luật sửa đổi, bổ sung một số điều của Luật Sở hữu trí tuệ...
2025-10-14 14:50:26 - tools.law_list_crawler - [32mINFO[0m -    Similarity: 30.77%
2025-10-14 14:50:26 - tools.law_list_crawler - [32mINFO[0m -    ✅ MATCH! (threshold: 0.3)
2025-10-14 14:50:26 - tools.law_list_crawler - [32mINFO[0m -    💾 Saved: 7/20
2025-10-14 14:50:26 - tools.law_list_crawler - [32mINFO[0m - 📰 Article 10/10:
2025-10-14 14:50:26 - tools.law_list_crawler - [32mINFO[0m -    Title: Luật sửa đổi, bổ sung một số điều của Luật Chuyển giao công nghệ...
2025-10-14 14:50:26 - tools.law_list_crawler - [32mINFO[0m -    Similarity: 28.24%
2025-10-14 14:50:26 - tools.law_list_crawler - [32mINFO[0m -    ❌ Below threshold, skipping
2025-10-14 14:50:28 - tools.law_list_crawler - [32mINFO[0m - ✅ Chrome driver closed
2025-10-14 14:50:28 - tools.law_list_crawler - [32mINFO[0m - ✅ Crawl complete: 7 documents found
2025-10-14 14:50:28 - tools.law_list_crawler - [31mERROR[0m - ❌ Crawl error: ToolResult.__init__() got an unexpected keyword argument 'message'
2025-10-14 14:50:33 - urllib3.connectionpool - [33mWARNING[0m - Retrying (Retry(total=2, connect=None, read=None, redirect=None, status=None)) after connection broken by 'NewConnectionError('<urllib3.connection.HTTPConnection object at 0x000001FB7867E8D0>: Failed to establish a new connection: [WinError 10061] No connection could be made because the target machine actively refused it')': /session/82234a3c86ece920ca50541368bac84c
2025-10-14 14:50:37 - urllib3.connectionpool - [33mWARNING[0m - Retrying (Retry(total=1, connect=None, read=None, redirect=None, status=None)) after connection broken by 'NewConnectionError('<urllib3.connection.HTTPConnection object at 0x000001FB7867CE90>: Failed to establish a new connection: [WinError 10061] No connection could be made because the target machine actively refused it')': /session/82234a3c86ece920ca50541368bac84c
2025-10-14 14:50:41 - urllib3.connectionpool - [33mWARNING[0m - Retrying (Retry(total=0, connect=None, read=None, redirect=None, status=None)) after connection broken by 'NewConnectionError('<urllib3.connection.HTTPConnection object at 0x000001FB7867EDD0>: Failed to establish a new connection: [WinError 10061] No connection could be made because the target machine actively refused it')': /session/82234a3c86ece920ca50541368bac84c
2025-10-14 14:50:49 - tools.law_list_crawler - [32mINFO[0m - ✅ Chrome driver closed
2025-10-14 14:50:49 - agents.base - [31mERROR[0m - Task failed: manager_20251014_144949 - Crawl failed: ToolResult.__init__() got an unexpected keyword argument 'message'
2025-10-14 14:50:49 - agents.base - [31mERROR[0m - Law List Search Agent error: Crawl failed: ToolResult.__init__() got an unexpected keyword argument 'message'
2025-10-14 14:50:49 - agents.manager - [32mINFO[0m - ============================================================
2025-10-14 14:50:49 - agents.manager - [32mINFO[0m - Manager Agent executing...
2025-10-14 14:50:49 - agents.manager - [32mINFO[0m - ============================================================
2025-10-14 14:50:49 - agents.manager - [32mINFO[0m - Current task: search_law_list - failed
2025-10-14 14:50:49 - agents.manager - [32mINFO[0m - 🔍 End of Manager logic: next_task=False, is_complete=False
2025-10-14 14:50:49 - agents.manager - [32mINFO[0m - ℹ️ No new task to create, workflow continues with current task
2025-10-14 14:50:49 - agents.manager - [32mINFO[0m - 🔄 Manager returning state with current_task=search_law_list
2025-10-14 14:50:49 - core.auto - [32mINFO[0m -  Routing: current_task=search_law_list, is_complete=False
2025-10-14 14:50:49 - core.auto - [32mINFO[0m -  Routing to: law_list_search_agent
2025-10-14 14:50:49 - agents.hybrid_agents - [32mINFO[0m - 📋 Law List Search Agent executing...
2025-10-14 14:50:49 - agents.hybrid_agents - [32mINFO[0m - 🔍 Searching law documents for: Luật Trí tuệ nhân tạo
2025-10-14 14:50:49 - tools.law_list_crawler - [32mINFO[0m - 🔍 Crawling law list for topic: 'Luật Trí tuệ nhân tạo'
2025-10-14 14:50:49 - tools.law_list_crawler - [32mINFO[0m - 📍 Source: https://duthaoonline.quochoi.vn/du-thao
2025-10-14 14:50:49 - tools.law_list_crawler - [32mINFO[0m - 🎯 Similarity threshold: 0.3
2025-10-14 14:50:50 - tools.law_list_crawler - [32mINFO[0m - ✅ Chrome driver initialized (headless mode)
2025-10-14 14:50:50 - tools.law_list_crawler - [32mINFO[0m - 🌐 Loading page: https://duthaoonline.quochoi.vn/du-thao
2025-10-14 14:50:50 - tools.law_list_crawler - [32mINFO[0m - ⏳ Waiting for content to load...
2025-10-14 14:50:56 - tools.law_list_crawler - [32mINFO[0m - ✅ Page loaded successfully
2025-10-14 14:50:56 - tools.law_list_crawler - [32mINFO[0m - 📄 Found 10 articles on page
2025-10-14 14:50:56 - tools.law_list_crawler - [32mINFO[0m - 📰 Article 1/10:
2025-10-14 14:50:56 - tools.law_list_crawler - [32mINFO[0m -    Title: Luật Trí tuệ nhân tạo...
2025-10-14 14:50:56 - tools.law_list_crawler - [32mINFO[0m -    Similarity: 100.00%
2025-10-14 14:50:56 - tools.law_list_crawler - [32mINFO[0m -    ✅ MATCH! (threshold: 0.3)
2025-10-14 14:50:56 - tools.law_list_crawler - [32mINFO[0m -    💾 Saved: 1/20
2025-10-14 14:50:56 - tools.law_list_crawler - [32mINFO[0m - 📰 Article 2/10:
2025-10-14 14:50:56 - tools.law_list_crawler - [32mINFO[0m -    Title: Luật Đầu tư kinh doanh...
2025-10-14 14:50:56 - tools.law_list_crawler - [32mINFO[0m -    Similarity: 51.16%
2025-10-14 14:50:56 - tools.law_list_crawler - [32mINFO[0m -    ✅ MATCH! (threshold: 0.3)
2025-10-14 14:50:56 - tools.law_list_crawler - [32mINFO[0m -    💾 Saved: 2/20
2025-10-14 14:51:04 - tools.law_list_crawler - [32mINFO[0m - 📰 Article 3/10:
2025-10-14 14:51:04 - tools.law_list_crawler - [32mINFO[0m -    Title: Luật sửa đổi, bổ sung một số điều của Luật Quy hoạch Đô thị và nông thôn...
2025-10-14 14:51:04 - tools.law_list_crawler - [32mINFO[0m -    Similarity: 27.96%
2025-10-14 14:51:04 - tools.law_list_crawler - [32mINFO[0m -    ❌ Below threshold, skipping
2025-10-14 14:51:04 - tools.law_list_crawler - [32mINFO[0m - 📰 Article 4/10:
2025-10-14 14:51:04 - tools.law_list_crawler - [32mINFO[0m -    Title: Luật Xây dựng (sửa đổi)...
2025-10-14 14:51:04 - tools.law_list_crawler - [32mINFO[0m -    Similarity: 36.36%
2025-10-14 14:51:04 - tools.law_list_crawler - [32mINFO[0m -    ✅ MATCH! (threshold: 0.3)
2025-10-14 14:51:04 - tools.law_list_crawler - [32mINFO[0m -    💾 Saved: 3/20
2025-10-14 14:51:04 - tools.law_list_crawler - [32mINFO[0m - 📰 Article 5/10:
2025-10-14 14:51:04 - tools.law_list_crawler - [32mINFO[0m -    Title: Luật sửa đổi, bổ sung một số điều của Luật Thống kê số 89/2015/QH13 và Luật số 0...
2025-10-14 14:51:04 - tools.law_list_crawler - [32mINFO[0m -    Similarity: 10.68%
2025-10-14 14:51:04 - tools.law_list_crawler - [32mINFO[0m -    ❌ Below threshold, skipping
2025-10-14 14:51:04 - tools.law_list_crawler - [32mINFO[0m - 📰 Article 6/10:
2025-10-14 14:51:04 - tools.law_list_crawler - [32mINFO[0m -    Title: Luật Quản lý thuế (sửa đổi)...
2025-10-14 14:51:04 - tools.law_list_crawler - [32mINFO[0m -    Similarity: 41.67%
2025-10-14 14:51:04 - tools.law_list_crawler - [32mINFO[0m -    ✅ MATCH! (threshold: 0.3)
2025-10-14 14:51:04 - tools.law_list_crawler - [32mINFO[0m -    💾 Saved: 4/20
2025-10-14 14:51:04 - tools.law_list_crawler - [32mINFO[0m - 📰 Article 7/10:
2025-10-14 14:51:04 - tools.law_list_crawler - [32mINFO[0m -    Title: Luật Công nghệ cao (sửa đổi)...
2025-10-14 14:51:04 - tools.law_list_crawler - [32mINFO[0m -    Similarity: 36.73%
2025-10-14 14:51:04 - tools.law_list_crawler - [32mINFO[0m -    ✅ MATCH! (threshold: 0.3)
2025-10-14 14:51:04 - tools.law_list_crawler - [32mINFO[0m -    💾 Saved: 5/20
2025-10-14 14:51:04 - tools.law_list_crawler - [32mINFO[0m - 📰 Article 8/10:
2025-10-14 14:51:04 - tools.law_list_crawler - [32mINFO[0m -    Title: Luật sửa đổi, bổ sung một số điều của Luật Kinh doanh bảo hiểm...
2025-10-14 14:51:04 - tools.law_list_crawler - [32mINFO[0m -    Similarity: 33.73%
2025-10-14 14:51:04 - tools.law_list_crawler - [32mINFO[0m -    ✅ MATCH! (threshold: 0.3)
2025-10-14 14:51:04 - tools.law_list_crawler - [32mINFO[0m -    💾 Saved: 6/20
2025-10-14 14:51:04 - tools.law_list_crawler - [32mINFO[0m - 📰 Article 9/10:
2025-10-14 14:51:04 - tools.law_list_crawler - [32mINFO[0m -    Title: Luật sửa đổi, bổ sung một số điều của Luật Sở hữu trí tuệ...
2025-10-14 14:51:04 - tools.law_list_crawler - [32mINFO[0m -    Similarity: 30.77%
2025-10-14 14:51:04 - tools.law_list_crawler - [32mINFO[0m -    ✅ MATCH! (threshold: 0.3)
2025-10-14 14:51:04 - tools.law_list_crawler - [32mINFO[0m -    💾 Saved: 7/20
2025-10-14 14:51:04 - tools.law_list_crawler - [32mINFO[0m - 📰 Article 10/10:
2025-10-14 14:51:04 - tools.law_list_crawler - [32mINFO[0m -    Title: Luật sửa đổi, bổ sung một số điều của Luật Chuyển giao công nghệ...
2025-10-14 14:51:04 - tools.law_list_crawler - [32mINFO[0m -    Similarity: 28.24%
2025-10-14 14:51:04 - tools.law_list_crawler - [32mINFO[0m -    ❌ Below threshold, skipping
2025-10-14 14:51:07 - tools.law_list_crawler - [32mINFO[0m - ✅ Chrome driver closed
2025-10-14 14:51:07 - tools.law_list_crawler - [32mINFO[0m - ✅ Crawl complete: 7 documents found
2025-10-14 14:51:07 - tools.law_list_crawler - [31mERROR[0m - ❌ Crawl error: ToolResult.__init__() got an unexpected keyword argument 'message'
2025-10-14 14:51:11 - urllib3.connectionpool - [33mWARNING[0m - Retrying (Retry(total=2, connect=None, read=None, redirect=None, status=None)) after connection broken by 'NewConnectionError('<urllib3.connection.HTTPConnection object at 0x000001FB7867D010>: Failed to establish a new connection: [WinError 10061] No connection could be made because the target machine actively refused it')': /session/26910493e34ba2e9e71ce0719d910186
2025-10-14 14:51:15 - urllib3.connectionpool - [33mWARNING[0m - Retrying (Retry(total=1, connect=None, read=None, redirect=None, status=None)) after connection broken by 'NewConnectionError('<urllib3.connection.HTTPConnection object at 0x000001FB7867EC10>: Failed to establish a new connection: [WinError 10061] No connection could be made because the target machine actively refused it')': /session/26910493e34ba2e9e71ce0719d910186
2025-10-14 14:51:19 - urllib3.connectionpool - [33mWARNING[0m - Retrying (Retry(total=0, connect=None, read=None, redirect=None, status=None)) after connection broken by 'NewConnectionError('<urllib3.connection.HTTPConnection object at 0x000001FB78637D50>: Failed to establish a new connection: [WinError 10061] No connection could be made because the target machine actively refused it')': /session/26910493e34ba2e9e71ce0719d910186
2025-10-14 14:51:27 - tools.law_list_crawler - [32mINFO[0m - ✅ Chrome driver closed
2025-10-14 14:51:27 - agents.base - [31mERROR[0m - Task failed: manager_20251014_144949 - Crawl failed: ToolResult.__init__() got an unexpected keyword argument 'message'
2025-10-14 14:51:27 - agents.base - [31mERROR[0m - Law List Search Agent error: Crawl failed: ToolResult.__init__() got an unexpected keyword argument 'message'
2025-10-14 14:51:27 - agents.manager - [32mINFO[0m - ============================================================
2025-10-14 14:51:27 - agents.manager - [32mINFO[0m - Manager Agent executing...
2025-10-14 14:51:27 - agents.manager - [32mINFO[0m - ============================================================
2025-10-14 14:51:27 - agents.manager - [32mINFO[0m - Current task: search_law_list - failed
2025-10-14 14:51:27 - agents.manager - [32mINFO[0m - 🔍 End of Manager logic: next_task=False, is_complete=False
2025-10-14 14:51:27 - agents.manager - [32mINFO[0m - ℹ️ No new task to create, workflow continues with current task
2025-10-14 14:51:27 - agents.manager - [32mINFO[0m - 🔄 Manager returning state with current_task=search_law_list
2025-10-14 14:51:27 - core.auto - [32mINFO[0m -  Routing: current_task=search_law_list, is_complete=False
2025-10-14 14:51:27 - core.auto - [32mINFO[0m -  Routing to: law_list_search_agent
2025-10-14 14:51:27 - agents.hybrid_agents - [32mINFO[0m - 📋 Law List Search Agent executing...
2025-10-14 14:51:27 - agents.hybrid_agents - [32mINFO[0m - 🔍 Searching law documents for: Luật Trí tuệ nhân tạo
2025-10-14 14:51:27 - tools.law_list_crawler - [32mINFO[0m - 🔍 Crawling law list for topic: 'Luật Trí tuệ nhân tạo'
2025-10-14 14:51:27 - tools.law_list_crawler - [32mINFO[0m - 📍 Source: https://duthaoonline.quochoi.vn/du-thao
2025-10-14 14:51:27 - tools.law_list_crawler - [32mINFO[0m - 🎯 Similarity threshold: 0.3
2025-10-14 14:51:28 - tools.law_list_crawler - [32mINFO[0m - ✅ Chrome driver initialized (headless mode)
2025-10-14 14:51:28 - tools.law_list_crawler - [32mINFO[0m - 🌐 Loading page: https://duthaoonline.quochoi.vn/du-thao
2025-10-14 14:51:30 - tools.law_list_crawler - [32mINFO[0m - ⏳ Waiting for content to load...
2025-10-14 14:51:33 - tools.law_list_crawler - [32mINFO[0m - ✅ Page loaded successfully
2025-10-14 14:51:33 - tools.law_list_crawler - [32mINFO[0m - 📄 Found 10 articles on page
2025-10-14 14:51:33 - tools.law_list_crawler - [32mINFO[0m - 📰 Article 1/10:
2025-10-14 14:51:33 - tools.law_list_crawler - [32mINFO[0m -    Title: Luật Trí tuệ nhân tạo...
2025-10-14 14:51:33 - tools.law_list_crawler - [32mINFO[0m -    Similarity: 100.00%
2025-10-14 14:51:33 - tools.law_list_crawler - [32mINFO[0m -    ✅ MATCH! (threshold: 0.3)
2025-10-14 14:51:33 - tools.law_list_crawler - [32mINFO[0m -    💾 Saved: 1/20
2025-10-14 14:51:33 - tools.law_list_crawler - [32mINFO[0m - 📰 Article 2/10:
2025-10-14 14:51:33 - tools.law_list_crawler - [32mINFO[0m -    Title: Luật Đầu tư kinh doanh...
2025-10-14 14:51:33 - tools.law_list_crawler - [32mINFO[0m -    Similarity: 51.16%
2025-10-14 14:51:33 - tools.law_list_crawler - [32mINFO[0m -    ✅ MATCH! (threshold: 0.3)
2025-10-14 14:51:33 - tools.law_list_crawler - [32mINFO[0m -    💾 Saved: 2/20
2025-10-14 14:51:33 - tools.law_list_crawler - [32mINFO[0m - 📰 Article 3/10:
2025-10-14 14:51:33 - tools.law_list_crawler - [32mINFO[0m -    Title: Luật sửa đổi, bổ sung một số điều của Luật Quy hoạch Đô thị và nông thôn...
2025-10-14 14:51:33 - tools.law_list_crawler - [32mINFO[0m -    Similarity: 27.96%
2025-10-14 14:51:33 - tools.law_list_crawler - [32mINFO[0m -    ❌ Below threshold, skipping
2025-10-14 14:51:33 - tools.law_list_crawler - [32mINFO[0m - 📰 Article 4/10:
2025-10-14 14:51:33 - tools.law_list_crawler - [32mINFO[0m -    Title: Luật Xây dựng (sửa đổi)...
2025-10-14 14:51:33 - tools.law_list_crawler - [32mINFO[0m -    Similarity: 36.36%
2025-10-14 14:51:33 - tools.law_list_crawler - [32mINFO[0m -    ✅ MATCH! (threshold: 0.3)
2025-10-14 14:51:33 - tools.law_list_crawler - [32mINFO[0m -    💾 Saved: 3/20
2025-10-14 14:51:33 - tools.law_list_crawler - [32mINFO[0m - 📰 Article 5/10:
2025-10-14 14:51:33 - tools.law_list_crawler - [32mINFO[0m -    Title: Luật sửa đổi, bổ sung một số điều của Luật Thống kê số 89/2015/QH13 và Luật số 0...
2025-10-14 14:51:33 - tools.law_list_crawler - [32mINFO[0m -    Similarity: 10.68%
2025-10-14 14:51:33 - tools.law_list_crawler - [32mINFO[0m -    ❌ Below threshold, skipping
2025-10-14 14:51:33 - tools.law_list_crawler - [32mINFO[0m - 📰 Article 6/10:
2025-10-14 14:51:33 - tools.law_list_crawler - [32mINFO[0m -    Title: Luật Quản lý thuế (sửa đổi)...
2025-10-14 14:51:33 - tools.law_list_crawler - [32mINFO[0m -    Similarity: 41.67%
2025-10-14 14:51:33 - tools.law_list_crawler - [32mINFO[0m -    ✅ MATCH! (threshold: 0.3)
2025-10-14 14:51:33 - tools.law_list_crawler - [32mINFO[0m -    💾 Saved: 4/20
2025-10-14 14:51:33 - tools.law_list_crawler - [32mINFO[0m - 📰 Article 7/10:
2025-10-14 14:51:33 - tools.law_list_crawler - [32mINFO[0m -    Title: Luật Công nghệ cao (sửa đổi)...
2025-10-14 14:51:33 - tools.law_list_crawler - [32mINFO[0m -    Similarity: 36.73%
2025-10-14 14:51:33 - tools.law_list_crawler - [32mINFO[0m -    ✅ MATCH! (threshold: 0.3)
2025-10-14 14:51:33 - tools.law_list_crawler - [32mINFO[0m -    💾 Saved: 5/20
2025-10-14 14:51:33 - tools.law_list_crawler - [32mINFO[0m - 📰 Article 8/10:
2025-10-14 14:51:33 - tools.law_list_crawler - [32mINFO[0m -    Title: Luật sửa đổi, bổ sung một số điều của Luật Kinh doanh bảo hiểm...
2025-10-14 14:51:33 - tools.law_list_crawler - [32mINFO[0m -    Similarity: 33.73%
2025-10-14 14:51:33 - tools.law_list_crawler - [32mINFO[0m -    ✅ MATCH! (threshold: 0.3)
2025-10-14 14:51:33 - tools.law_list_crawler - [32mINFO[0m -    💾 Saved: 6/20
2025-10-14 14:51:33 - tools.law_list_crawler - [32mINFO[0m - 📰 Article 9/10:
2025-10-14 14:51:33 - tools.law_list_crawler - [32mINFO[0m -    Title: Luật sửa đổi, bổ sung một số điều của Luật Sở hữu trí tuệ...
2025-10-14 14:51:33 - tools.law_list_crawler - [32mINFO[0m -    Similarity: 30.77%
2025-10-14 14:51:33 - tools.law_list_crawler - [32mINFO[0m -    ✅ MATCH! (threshold: 0.3)
2025-10-14 14:51:33 - tools.law_list_crawler - [32mINFO[0m -    💾 Saved: 7/20
2025-10-14 14:51:33 - tools.law_list_crawler - [32mINFO[0m - 📰 Article 10/10:
2025-10-14 14:51:33 - tools.law_list_crawler - [32mINFO[0m -    Title: Luật sửa đổi, bổ sung một số điều của Luật Chuyển giao công nghệ...
2025-10-14 14:51:33 - tools.law_list_crawler - [32mINFO[0m -    Similarity: 28.24%
2025-10-14 14:51:33 - tools.law_list_crawler - [32mINFO[0m -    ❌ Below threshold, skipping
2025-10-14 14:51:35 - tools.law_list_crawler - [32mINFO[0m - ✅ Chrome driver closed
2025-10-14 14:51:35 - tools.law_list_crawler - [32mINFO[0m - ✅ Crawl complete: 7 documents found
2025-10-14 14:51:35 - tools.law_list_crawler - [31mERROR[0m - ❌ Crawl error: ToolResult.__init__() got an unexpected keyword argument 'message'
2025-10-14 14:51:39 - urllib3.connectionpool - [33mWARNING[0m - Retrying (Retry(total=2, connect=None, read=None, redirect=None, status=None)) after connection broken by 'NewConnectionError('<urllib3.connection.HTTPConnection object at 0x000001FB78646890>: Failed to establish a new connection: [WinError 10061] No connection could be made because the target machine actively refused it')': /session/dabafa583c4e9b51a733c7dfbeef1a6d
2025-10-14 14:51:44 - urllib3.connectionpool - [33mWARNING[0m - Retrying (Retry(total=1, connect=None, read=None, redirect=None, status=None)) after connection broken by 'NewConnectionError('<urllib3.connection.HTTPConnection object at 0x000001FB78647550>: Failed to establish a new connection: [WinError 10061] No connection could be made because the target machine actively refused it')': /session/dabafa583c4e9b51a733c7dfbeef1a6d
2025-10-14 14:51:48 - urllib3.connectionpool - [33mWARNING[0m - Retrying (Retry(total=0, connect=None, read=None, redirect=None, status=None)) after connection broken by 'NewConnectionError('<urllib3.connection.HTTPConnection object at 0x000001FB78600C90>: Failed to establish a new connection: [WinError 10061] No connection could be made because the target machine actively refused it')': /session/dabafa583c4e9b51a733c7dfbeef1a6d
2025-10-14 14:51:56 - tools.law_list_crawler - [32mINFO[0m - ✅ Chrome driver closed
2025-10-14 14:51:56 - agents.base - [31mERROR[0m - Task failed: manager_20251014_144949 - Crawl failed: ToolResult.__init__() got an unexpected keyword argument 'message'
2025-10-14 14:51:56 - agents.base - [31mERROR[0m - Law List Search Agent error: Crawl failed: ToolResult.__init__() got an unexpected keyword argument 'message'
2025-10-14 14:51:56 - agents.manager - [32mINFO[0m - ============================================================
2025-10-14 14:51:56 - agents.manager - [32mINFO[0m - Manager Agent executing...
2025-10-14 14:51:56 - agents.manager - [32mINFO[0m - ============================================================
2025-10-14 14:51:56 - agents.manager - [32mINFO[0m - Current task: search_law_list - failed
2025-10-14 14:51:56 - agents.manager - [32mINFO[0m - 🔍 End of Manager logic: next_task=False, is_complete=False
2025-10-14 14:51:56 - agents.manager - [32mINFO[0m - ℹ️ No new task to create, workflow continues with current task
2025-10-14 14:51:56 - agents.manager - [32mINFO[0m - 🔄 Manager returning state with current_task=search_law_list
2025-10-14 14:51:56 - core.auto - [32mINFO[0m -  Routing: current_task=search_law_list, is_complete=False
2025-10-14 14:51:56 - core.auto - [32mINFO[0m -  Routing to: law_list_search_agent
2025-10-14 14:51:56 - agents.hybrid_agents - [32mINFO[0m - 📋 Law List Search Agent executing...
2025-10-14 14:51:56 - agents.hybrid_agents - [32mINFO[0m - 🔍 Searching law documents for: Luật Trí tuệ nhân tạo
2025-10-14 14:51:56 - tools.law_list_crawler - [32mINFO[0m - 🔍 Crawling law list for topic: 'Luật Trí tuệ nhân tạo'
2025-10-14 14:51:56 - tools.law_list_crawler - [32mINFO[0m - 📍 Source: https://duthaoonline.quochoi.vn/du-thao
2025-10-14 14:51:56 - tools.law_list_crawler - [32mINFO[0m - 🎯 Similarity threshold: 0.3
2025-10-14 14:51:57 - tools.law_list_crawler - [32mINFO[0m - ✅ Chrome driver initialized (headless mode)
2025-10-14 14:51:57 - tools.law_list_crawler - [32mINFO[0m - 🌐 Loading page: https://duthaoonline.quochoi.vn/du-thao
2025-10-14 14:51:57 - tools.law_list_crawler - [32mINFO[0m - ⏳ Waiting for content to load...
2025-10-14 14:52:02 - tools.law_list_crawler - [32mINFO[0m - ✅ Page loaded successfully
2025-10-14 14:52:02 - tools.law_list_crawler - [32mINFO[0m - 📄 Found 10 articles on page
2025-10-14 14:52:02 - tools.law_list_crawler - [32mINFO[0m - 📰 Article 1/10:
2025-10-14 14:52:02 - tools.law_list_crawler - [32mINFO[0m -    Title: Luật Trí tuệ nhân tạo...
2025-10-14 14:52:02 - tools.law_list_crawler - [32mINFO[0m -    Similarity: 100.00%
2025-10-14 14:52:02 - tools.law_list_crawler - [32mINFO[0m -    ✅ MATCH! (threshold: 0.3)
2025-10-14 14:52:02 - tools.law_list_crawler - [32mINFO[0m -    💾 Saved: 1/20
2025-10-14 14:52:02 - tools.law_list_crawler - [32mINFO[0m - 📰 Article 2/10:
2025-10-14 14:52:02 - tools.law_list_crawler - [32mINFO[0m -    Title: Luật Đầu tư kinh doanh...
2025-10-14 14:52:02 - tools.law_list_crawler - [32mINFO[0m -    Similarity: 51.16%
2025-10-14 14:52:02 - tools.law_list_crawler - [32mINFO[0m -    ✅ MATCH! (threshold: 0.3)
2025-10-14 14:52:02 - tools.law_list_crawler - [32mINFO[0m -    💾 Saved: 2/20
2025-10-14 14:52:02 - tools.law_list_crawler - [32mINFO[0m - 📰 Article 3/10:
2025-10-14 14:52:02 - tools.law_list_crawler - [32mINFO[0m -    Title: Luật sửa đổi, bổ sung một số điều của Luật Quy hoạch Đô thị và nông thôn...
2025-10-14 14:52:02 - tools.law_list_crawler - [32mINFO[0m -    Similarity: 27.96%
2025-10-14 14:52:02 - tools.law_list_crawler - [32mINFO[0m -    ❌ Below threshold, skipping
2025-10-14 14:52:02 - tools.law_list_crawler - [32mINFO[0m - 📰 Article 4/10:
2025-10-14 14:52:02 - tools.law_list_crawler - [32mINFO[0m -    Title: Luật Xây dựng (sửa đổi)...
2025-10-14 14:52:02 - tools.law_list_crawler - [32mINFO[0m -    Similarity: 36.36%
2025-10-14 14:52:02 - tools.law_list_crawler - [32mINFO[0m -    ✅ MATCH! (threshold: 0.3)
2025-10-14 14:52:02 - tools.law_list_crawler - [32mINFO[0m -    💾 Saved: 3/20
2025-10-14 14:52:02 - tools.law_list_crawler - [32mINFO[0m - 📰 Article 5/10:
2025-10-14 14:52:02 - tools.law_list_crawler - [32mINFO[0m -    Title: Luật sửa đổi, bổ sung một số điều của Luật Thống kê số 89/2015/QH13 và Luật số 0...
2025-10-14 14:52:02 - tools.law_list_crawler - [32mINFO[0m -    Similarity: 10.68%
2025-10-14 14:52:02 - tools.law_list_crawler - [32mINFO[0m -    ❌ Below threshold, skipping
2025-10-14 14:52:02 - tools.law_list_crawler - [32mINFO[0m - 📰 Article 6/10:
2025-10-14 14:52:02 - tools.law_list_crawler - [32mINFO[0m -    Title: Luật Quản lý thuế (sửa đổi)...
2025-10-14 14:52:02 - tools.law_list_crawler - [32mINFO[0m -    Similarity: 41.67%
2025-10-14 14:52:02 - tools.law_list_crawler - [32mINFO[0m -    ✅ MATCH! (threshold: 0.3)
2025-10-14 14:52:02 - tools.law_list_crawler - [32mINFO[0m -    💾 Saved: 4/20
2025-10-14 14:52:02 - tools.law_list_crawler - [32mINFO[0m - 📰 Article 7/10:
2025-10-14 14:52:02 - tools.law_list_crawler - [32mINFO[0m -    Title: Luật Công nghệ cao (sửa đổi)...
2025-10-14 14:52:02 - tools.law_list_crawler - [32mINFO[0m -    Similarity: 36.73%
2025-10-14 14:52:02 - tools.law_list_crawler - [32mINFO[0m -    ✅ MATCH! (threshold: 0.3)
2025-10-14 14:52:02 - tools.law_list_crawler - [32mINFO[0m -    💾 Saved: 5/20
2025-10-14 14:52:02 - tools.law_list_crawler - [32mINFO[0m - 📰 Article 8/10:
2025-10-14 14:52:02 - tools.law_list_crawler - [32mINFO[0m -    Title: Luật sửa đổi, bổ sung một số điều của Luật Kinh doanh bảo hiểm...
2025-10-14 14:52:02 - tools.law_list_crawler - [32mINFO[0m -    Similarity: 33.73%
2025-10-14 14:52:02 - tools.law_list_crawler - [32mINFO[0m -    ✅ MATCH! (threshold: 0.3)
2025-10-14 14:52:02 - tools.law_list_crawler - [32mINFO[0m -    💾 Saved: 6/20
2025-10-14 14:52:02 - tools.law_list_crawler - [32mINFO[0m - 📰 Article 9/10:
2025-10-14 14:52:02 - tools.law_list_crawler - [32mINFO[0m -    Title: Luật sửa đổi, bổ sung một số điều của Luật Sở hữu trí tuệ...
2025-10-14 14:52:02 - tools.law_list_crawler - [32mINFO[0m -    Similarity: 30.77%
2025-10-14 14:52:02 - tools.law_list_crawler - [32mINFO[0m -    ✅ MATCH! (threshold: 0.3)
2025-10-14 14:52:02 - tools.law_list_crawler - [32mINFO[0m -    💾 Saved: 7/20
2025-10-14 14:52:02 - tools.law_list_crawler - [32mINFO[0m - 📰 Article 10/10:
2025-10-14 14:52:02 - tools.law_list_crawler - [32mINFO[0m -    Title: Luật sửa đổi, bổ sung một số điều của Luật Chuyển giao công nghệ...
2025-10-14 14:52:02 - tools.law_list_crawler - [32mINFO[0m -    Similarity: 28.24%
2025-10-14 14:52:02 - tools.law_list_crawler - [32mINFO[0m -    ❌ Below threshold, skipping
2025-10-14 14:52:04 - tools.law_list_crawler - [32mINFO[0m - ✅ Chrome driver closed
2025-10-14 14:52:04 - tools.law_list_crawler - [32mINFO[0m - ✅ Crawl complete: 7 documents found
2025-10-14 14:52:04 - tools.law_list_crawler - [31mERROR[0m - ❌ Crawl error: ToolResult.__init__() got an unexpected keyword argument 'message'
2025-10-14 14:52:08 - urllib3.connectionpool - [33mWARNING[0m - Retrying (Retry(total=2, connect=None, read=None, redirect=None, status=None)) after connection broken by 'NewConnectionError('<urllib3.connection.HTTPConnection object at 0x000001FB78693A10>: Failed to establish a new connection: [WinError 10061] No connection could be made because the target machine actively refused it')': /session/d49e933056fd782ee917cfe49837daef
2025-10-14 14:52:12 - urllib3.connectionpool - [33mWARNING[0m - Retrying (Retry(total=1, connect=None, read=None, redirect=None, status=None)) after connection broken by 'NewConnectionError('<urllib3.connection.HTTPConnection object at 0x000001FB78693A50>: Failed to establish a new connection: [WinError 10061] No connection could be made because the target machine actively refused it')': /session/d49e933056fd782ee917cfe49837daef
2025-10-14 14:52:16 - urllib3.connectionpool - [33mWARNING[0m - Retrying (Retry(total=0, connect=None, read=None, redirect=None, status=None)) after connection broken by 'NewConnectionError('<urllib3.connection.HTTPConnection object at 0x000001FB786988D0>: Failed to establish a new connection: [WinError 10061] No connection could be made because the target machine actively refused it')': /session/d49e933056fd782ee917cfe49837daef
2025-10-14 14:52:33 - tools.law_list_crawler - [32mINFO[0m - ✅ Chrome driver closed
2025-10-14 14:52:33 - agents.base - [31mERROR[0m - Task failed: manager_20251014_144949 - Crawl failed: ToolResult.__init__() got an unexpected keyword argument 'message'
2025-10-14 14:52:33 - agents.base - [31mERROR[0m - Law List Search Agent error: Crawl failed: ToolResult.__init__() got an unexpected keyword argument 'message'
2025-10-14 14:52:33 - agents.manager - [32mINFO[0m - ============================================================
2025-10-14 14:52:33 - agents.manager - [32mINFO[0m - Manager Agent executing...
2025-10-14 14:52:33 - agents.manager - [32mINFO[0m - ============================================================
2025-10-14 14:52:33 - agents.manager - [32mINFO[0m - Current task: search_law_list - failed
2025-10-14 14:52:33 - agents.manager - [32mINFO[0m - 🔍 End of Manager logic: next_task=False, is_complete=False
2025-10-14 14:52:33 - agents.manager - [32mINFO[0m - ℹ️ No new task to create, workflow continues with current task
2025-10-14 14:52:33 - agents.manager - [32mINFO[0m - 🔄 Manager returning state with current_task=search_law_list
2025-10-14 14:52:33 - core.auto - [32mINFO[0m -  Routing: current_task=search_law_list, is_complete=False
2025-10-14 14:52:33 - core.auto - [32mINFO[0m -  Routing to: law_list_search_agent
2025-10-14 14:52:33 - agents.hybrid_agents - [32mINFO[0m - 📋 Law List Search Agent executing...
2025-10-14 14:52:33 - agents.hybrid_agents - [32mINFO[0m - 🔍 Searching law documents for: Luật Trí tuệ nhân tạo
2025-10-14 14:52:33 - tools.law_list_crawler - [32mINFO[0m - 🔍 Crawling law list for topic: 'Luật Trí tuệ nhân tạo'
2025-10-14 14:52:33 - tools.law_list_crawler - [32mINFO[0m - 📍 Source: https://duthaoonline.quochoi.vn/du-thao
2025-10-14 14:52:33 - tools.law_list_crawler - [32mINFO[0m - 🎯 Similarity threshold: 0.3
2025-10-14 14:52:34 - tools.law_list_crawler - [32mINFO[0m - ✅ Chrome driver initialized (headless mode)
2025-10-14 14:52:34 - tools.law_list_crawler - [32mINFO[0m - 🌐 Loading page: https://duthaoonline.quochoi.vn/du-thao
2025-10-14 14:52:34 - tools.law_list_crawler - [32mINFO[0m - ⏳ Waiting for content to load...
2025-10-14 14:52:40 - tools.law_list_crawler - [32mINFO[0m - ✅ Page loaded successfully
2025-10-14 14:52:40 - tools.law_list_crawler - [32mINFO[0m - 📄 Found 10 articles on page
2025-10-14 14:52:40 - tools.law_list_crawler - [32mINFO[0m - 📰 Article 1/10:
2025-10-14 14:52:40 - tools.law_list_crawler - [32mINFO[0m -    Title: Luật Trí tuệ nhân tạo...
2025-10-14 14:52:40 - tools.law_list_crawler - [32mINFO[0m -    Similarity: 100.00%
2025-10-14 14:52:40 - tools.law_list_crawler - [32mINFO[0m -    ✅ MATCH! (threshold: 0.3)
2025-10-14 14:52:40 - tools.law_list_crawler - [32mINFO[0m -    💾 Saved: 1/20
2025-10-14 14:52:40 - tools.law_list_crawler - [32mINFO[0m - 📰 Article 2/10:
2025-10-14 14:52:40 - tools.law_list_crawler - [32mINFO[0m -    Title: Luật Đầu tư kinh doanh...
2025-10-14 14:52:40 - tools.law_list_crawler - [32mINFO[0m -    Similarity: 51.16%
2025-10-14 14:52:40 - tools.law_list_crawler - [32mINFO[0m -    ✅ MATCH! (threshold: 0.3)
2025-10-14 14:52:40 - tools.law_list_crawler - [32mINFO[0m -    💾 Saved: 2/20
2025-10-14 14:52:40 - tools.law_list_crawler - [32mINFO[0m - 📰 Article 3/10:
2025-10-14 14:52:40 - tools.law_list_crawler - [32mINFO[0m -    Title: Luật sửa đổi, bổ sung một số điều của Luật Quy hoạch Đô thị và nông thôn...
2025-10-14 14:52:40 - tools.law_list_crawler - [32mINFO[0m -    Similarity: 27.96%
2025-10-14 14:52:40 - tools.law_list_crawler - [32mINFO[0m -    ❌ Below threshold, skipping
2025-10-14 14:52:40 - tools.law_list_crawler - [32mINFO[0m - 📰 Article 4/10:
2025-10-14 14:52:40 - tools.law_list_crawler - [32mINFO[0m -    Title: Luật Xây dựng (sửa đổi)...
2025-10-14 14:52:40 - tools.law_list_crawler - [32mINFO[0m -    Similarity: 36.36%
2025-10-14 14:52:40 - tools.law_list_crawler - [32mINFO[0m -    ✅ MATCH! (threshold: 0.3)
2025-10-14 14:52:40 - tools.law_list_crawler - [32mINFO[0m -    💾 Saved: 3/20
2025-10-14 14:52:40 - tools.law_list_crawler - [32mINFO[0m - 📰 Article 5/10:
2025-10-14 14:52:40 - tools.law_list_crawler - [32mINFO[0m -    Title: Luật sửa đổi, bổ sung một số điều của Luật Thống kê số 89/2015/QH13 và Luật số 0...
2025-10-14 14:52:40 - tools.law_list_crawler - [32mINFO[0m -    Similarity: 10.68%
2025-10-14 14:52:40 - tools.law_list_crawler - [32mINFO[0m -    ❌ Below threshold, skipping
2025-10-14 14:52:40 - tools.law_list_crawler - [32mINFO[0m - 📰 Article 6/10:
2025-10-14 14:52:40 - tools.law_list_crawler - [32mINFO[0m -    Title: Luật Quản lý thuế (sửa đổi)...
2025-10-14 14:52:40 - tools.law_list_crawler - [32mINFO[0m -    Similarity: 41.67%
2025-10-14 14:52:40 - tools.law_list_crawler - [32mINFO[0m -    ✅ MATCH! (threshold: 0.3)
2025-10-14 14:52:40 - tools.law_list_crawler - [32mINFO[0m -    💾 Saved: 4/20
2025-10-14 14:52:40 - tools.law_list_crawler - [32mINFO[0m - 📰 Article 7/10:
2025-10-14 14:52:40 - tools.law_list_crawler - [32mINFO[0m -    Title: Luật Công nghệ cao (sửa đổi)...
2025-10-14 14:52:40 - tools.law_list_crawler - [32mINFO[0m -    Similarity: 36.73%
2025-10-14 14:52:40 - tools.law_list_crawler - [32mINFO[0m -    ✅ MATCH! (threshold: 0.3)
2025-10-14 14:52:40 - tools.law_list_crawler - [32mINFO[0m -    💾 Saved: 5/20
2025-10-14 14:52:40 - tools.law_list_crawler - [32mINFO[0m - 📰 Article 8/10:
2025-10-14 14:52:40 - tools.law_list_crawler - [32mINFO[0m -    Title: Luật sửa đổi, bổ sung một số điều của Luật Kinh doanh bảo hiểm...
2025-10-14 14:52:40 - tools.law_list_crawler - [32mINFO[0m -    Similarity: 33.73%
2025-10-14 14:52:40 - tools.law_list_crawler - [32mINFO[0m -    ✅ MATCH! (threshold: 0.3)
2025-10-14 14:52:40 - tools.law_list_crawler - [32mINFO[0m -    💾 Saved: 6/20
2025-10-14 14:52:40 - tools.law_list_crawler - [32mINFO[0m - 📰 Article 9/10:
2025-10-14 14:52:40 - tools.law_list_crawler - [32mINFO[0m -    Title: Luật sửa đổi, bổ sung một số điều của Luật Sở hữu trí tuệ...
2025-10-14 14:52:40 - tools.law_list_crawler - [32mINFO[0m -    Similarity: 30.77%
2025-10-14 14:52:40 - tools.law_list_crawler - [32mINFO[0m -    ✅ MATCH! (threshold: 0.3)
2025-10-14 14:52:40 - tools.law_list_crawler - [32mINFO[0m -    💾 Saved: 7/20
2025-10-14 14:52:40 - tools.law_list_crawler - [32mINFO[0m - 📰 Article 10/10:
2025-10-14 14:52:40 - tools.law_list_crawler - [32mINFO[0m -    Title: Luật sửa đổi, bổ sung một số điều của Luật Chuyển giao công nghệ...
2025-10-14 14:52:40 - tools.law_list_crawler - [32mINFO[0m -    Similarity: 28.24%
2025-10-14 14:52:40 - tools.law_list_crawler - [32mINFO[0m -    ❌ Below threshold, skipping
2025-10-14 14:52:42 - tools.law_list_crawler - [32mINFO[0m - ✅ Chrome driver closed
2025-10-14 14:52:42 - tools.law_list_crawler - [32mINFO[0m - ✅ Crawl complete: 7 documents found
2025-10-14 14:52:42 - tools.law_list_crawler - [31mERROR[0m - ❌ Crawl error: ToolResult.__init__() got an unexpected keyword argument 'message'
2025-10-14 14:52:46 - urllib3.connectionpool - [33mWARNING[0m - Retrying (Retry(total=2, connect=None, read=None, redirect=None, status=None)) after connection broken by 'NewConnectionError('<urllib3.connection.HTTPConnection object at 0x000001FB786939D0>: Failed to establish a new connection: [WinError 10061] No connection could be made because the target machine actively refused it')': /session/1a8705d38e5f0aed894b7a4ecbe74329
2025-10-14 14:52:50 - urllib3.connectionpool - [33mWARNING[0m - Retrying (Retry(total=1, connect=None, read=None, redirect=None, status=None)) after connection broken by 'NewConnectionError('<urllib3.connection.HTTPConnection object at 0x000001FB785CB190>: Failed to establish a new connection: [WinError 10061] No connection could be made because the target machine actively refused it')': /session/1a8705d38e5f0aed894b7a4ecbe74329
2025-10-14 14:52:54 - urllib3.connectionpool - [33mWARNING[0m - Retrying (Retry(total=0, connect=None, read=None, redirect=None, status=None)) after connection broken by 'NewConnectionError('<urllib3.connection.HTTPConnection object at 0x000001FB785EC750>: Failed to establish a new connection: [WinError 10061] No connection could be made because the target machine actively refused it')': /session/1a8705d38e5f0aed894b7a4ecbe74329
2025-10-14 14:53:02 - tools.law_list_crawler - [32mINFO[0m - ✅ Chrome driver closed
2025-10-14 14:53:02 - agents.base - [31mERROR[0m - Task failed: manager_20251014_144949 - Crawl failed: ToolResult.__init__() got an unexpected keyword argument 'message'
2025-10-14 14:53:02 - agents.base - [31mERROR[0m - Law List Search Agent error: Crawl failed: ToolResult.__init__() got an unexpected keyword argument 'message'
2025-10-14 14:53:02 - root - [32mINFO[0m - 
 Workflow interrupted by user
