2025-10-14 19:06:00 - root - [32mINFO[0m - ============================================================
2025-10-14 19:06:00 - root - [32mINFO[0m - Logging initialized
2025-10-14 19:06:00 - root - [32mINFO[0m - Log level: INFO
2025-10-14 19:06:00 - root - [32mINFO[0m - Log file: D:\AutoData2\AutoData2\thamluan\logs\autodata_20251014_190600.log
2025-10-14 19:06:00 - root - [32mINFO[0m - ============================================================
2025-10-14 19:06:00 - root - [32mINFO[0m - ================================================================================
2025-10-14 19:06:00 - root - [32mINFO[0m - AutoData - HYBRID WORKFLOW (PDF + Opinion Crawler)
2025-10-14 19:06:00 - root - [32mINFO[0m - ================================================================================
2025-10-14 19:06:00 - root - [32mINFO[0m - Pipeline: Law List → PDF → Extract → Opinions → NLP → Export
2025-10-14 19:06:00 - root - [32mINFO[0m - ================================================================================
2025-10-14 19:06:26 - root - [32mINFO[0m - Topic/Project: Luật trí tuệ nhân tạo
2025-10-14 19:06:26 - root - [32mINFO[0m - Running workflow asynchronously...
2025-10-14 19:06:26 - core.auto - [32mINFO[0m - ================================================================================
2025-10-14 19:06:26 - core.auto - [32mINFO[0m - Starting AutoData Workflow (Article-Based)
2025-10-14 19:06:26 - core.auto - [32mINFO[0m - ================================================================================
2025-10-14 19:06:26 - core.auto - [32mINFO[0m - Topic/Project: Luật trí tuệ nhân tạo
2025-10-14 19:06:26 - core.auto - [32mINFO[0m - ================================================================================
2025-10-14 19:06:26 - core.auto - [32mINFO[0m -  Executing workflow asynchronously...
2025-10-14 19:06:26 - agents.manager - [32mINFO[0m - ============================================================
2025-10-14 19:06:26 - agents.manager - [32mINFO[0m - Manager Agent executing...
2025-10-14 19:06:26 - agents.manager - [32mINFO[0m - ============================================================
2025-10-14 19:06:26 - agents.manager - [32mINFO[0m - Starting HYBRID workflow...
2025-10-14 19:06:26 - agents.manager - [32mINFO[0m - Project/Topic: Luật trí tuệ nhân tạo
2025-10-14 19:06:26 - agents.manager - [32mINFO[0m - Reference URL: Not provided
2025-10-14 19:06:26 - agents.base - [32mINFO[0m - Created task: manager_20251014_190626 (search_law_list)
2025-10-14 19:06:26 - agents.manager - [32mINFO[0m - ✅ Created first task: search_law_list
2025-10-14 19:06:26 - core.auto - [32mINFO[0m -  Routing: current_task=search_law_list, is_complete=False
2025-10-14 19:06:26 - core.auto - [32mINFO[0m -  Routing to: law_list_search_agent
2025-10-14 19:06:26 - agents.hybrid_agents - [32mINFO[0m - 📋 Law List Search Agent executing...
2025-10-14 19:06:26 - agents.hybrid_agents - [32mINFO[0m - 🔍 Searching law documents for: Luật trí tuệ nhân tạo
2025-10-14 19:06:26 - tools.law_list_crawler - [32mINFO[0m - 🔍 Crawling law list for topic: 'Luật trí tuệ nhân tạo'
2025-10-14 19:06:26 - tools.law_list_crawler - [32mINFO[0m - 📍 Source: https://duthaoonline.quochoi.vn/du-thao
2025-10-14 19:06:26 - tools.law_list_crawler - [32mINFO[0m - 🎯 Similarity threshold: 0.8
2025-10-14 19:06:27 - tools.law_list_crawler - [32mINFO[0m - ✅ Chrome driver initialized (headless mode)
2025-10-14 19:06:27 - tools.law_list_crawler - [32mINFO[0m - 🌐 Loading page: https://duthaoonline.quochoi.vn/du-thao
2025-10-14 19:06:28 - tools.law_list_crawler - [32mINFO[0m - ⏳ Waiting for content to load...
2025-10-14 19:06:33 - tools.law_list_crawler - [32mINFO[0m - ✅ Page loaded successfully
2025-10-14 19:06:33 - tools.law_list_crawler - [32mINFO[0m - 📄 Found 10 articles on page
2025-10-14 19:06:33 - tools.law_list_crawler - [32mINFO[0m - 📰 Article 1/10:
2025-10-14 19:06:33 - tools.law_list_crawler - [32mINFO[0m -    Title: Luật Trí tuệ nhân tạo...
2025-10-14 19:06:33 - tools.law_list_crawler - [32mINFO[0m -    Similarity: 100.00%
2025-10-14 19:06:33 - tools.law_list_crawler - [32mINFO[0m -    ✅ MATCH! (threshold: 0.8)
2025-10-14 19:06:36 - tools.law_list_crawler - [32mINFO[0m -   → Found PDF: https://gatewayduthaoonline.quochoi.vn/uploadFiles/host/local/2025/10/9/9/75ecb748d62c41659cb717132a353c2a.pdf
2025-10-14 19:06:36 - tools.law_list_crawler - [32mINFO[0m -    💾 Saved: 1/10
2025-10-14 19:06:36 - tools.law_list_crawler - [33mWARNING[0m - ⚠️ Error processing article 2: Message: stale element reference: stale element not found
  (Session info: chrome=141.0.7390.67); For documentation on this error, please visit: https://www.selenium.dev/documentation/webdriver/troubleshooting/errors#stale-element-reference-exception
Stacktrace:
	GetHandleVerifier [0x0x7ff7a55ee955+80021]
	GetHandleVerifier [0x0x7ff7a55ee9b0+80112]
	(No symbol) [0x0x7ff7a537060f]
	(No symbol) [0x0x7ff7a5386e35]
	(No symbol) [0x0x7ff7a5385923]
	(No symbol) [0x0x7ff7a5378ea7]
	(No symbol) [0x0x7ff7a5376d80]
	(No symbol) [0x0x7ff7a537b26f]
	(No symbol) [0x0x7ff7a537b32f]
	(No symbol) [0x0x7ff7a53c8107]
	(No symbol) [0x0x7ff7a53c8b1c]
	(No symbol) [0x0x7ff7a53bb19c]
	(No symbol) [0x0x7ff7a53f126f]
	(No symbol) [0x0x7ff7a53bb056]
	(No symbol) [0x0x7ff7a53f1440]
	(No symbol) [0x0x7ff7a541968a]
	(No symbol) [0x0x7ff7a53f1003]
	(No symbol) [0x0x7ff7a53b95d1]
	(No symbol) [0x0x7ff7a53ba3f3]
	GetHandleVerifier [0x0x7ff7a58add0d+2960461]
	GetHandleVerifier [0x0x7ff7a58a7fca+2936586]
	GetHandleVerifier [0x0x7ff7a58c8a07+3070279]
	GetHandleVerifier [0x0x7ff7a560843e+185214]
	GetHandleVerifier [0x0x7ff7a560fe8f+216527]
	GetHandleVerifier [0x0x7ff7a55f7b94+117460]
	GetHandleVerifier [0x0x7ff7a55f7d4f+117903]
	GetHandleVerifier [0x0x7ff7a55ddc28+11112]
	BaseThreadInitThunk [0x0x7ffd77a4e8d7+23]
	RtlUserThreadStart [0x0x7ffd787e8d9c+44]

2025-10-14 19:06:36 - tools.law_list_crawler - [33mWARNING[0m - ⚠️ Error processing article 3: Message: stale element reference: stale element not found
  (Session info: chrome=141.0.7390.67); For documentation on this error, please visit: https://www.selenium.dev/documentation/webdriver/troubleshooting/errors#stale-element-reference-exception
Stacktrace:
	GetHandleVerifier [0x0x7ff7a55ee955+80021]
	GetHandleVerifier [0x0x7ff7a55ee9b0+80112]
	(No symbol) [0x0x7ff7a537060f]
	(No symbol) [0x0x7ff7a5386e35]
	(No symbol) [0x0x7ff7a5385923]
	(No symbol) [0x0x7ff7a5378ea7]
	(No symbol) [0x0x7ff7a5376d80]
	(No symbol) [0x0x7ff7a537b26f]
	(No symbol) [0x0x7ff7a537b32f]
	(No symbol) [0x0x7ff7a53c8107]
	(No symbol) [0x0x7ff7a53c8b1c]
	(No symbol) [0x0x7ff7a53bb19c]
	(No symbol) [0x0x7ff7a53f126f]
	(No symbol) [0x0x7ff7a53bb056]
	(No symbol) [0x0x7ff7a53f1440]
	(No symbol) [0x0x7ff7a541968a]
	(No symbol) [0x0x7ff7a53f1003]
	(No symbol) [0x0x7ff7a53b95d1]
	(No symbol) [0x0x7ff7a53ba3f3]
	GetHandleVerifier [0x0x7ff7a58add0d+2960461]
	GetHandleVerifier [0x0x7ff7a58a7fca+2936586]
	GetHandleVerifier [0x0x7ff7a58c8a07+3070279]
	GetHandleVerifier [0x0x7ff7a560843e+185214]
	GetHandleVerifier [0x0x7ff7a560fe8f+216527]
	GetHandleVerifier [0x0x7ff7a55f7b94+117460]
	GetHandleVerifier [0x0x7ff7a55f7d4f+117903]
	GetHandleVerifier [0x0x7ff7a55ddc28+11112]
	BaseThreadInitThunk [0x0x7ffd77a4e8d7+23]
	RtlUserThreadStart [0x0x7ffd787e8d9c+44]

2025-10-14 19:06:36 - tools.law_list_crawler - [33mWARNING[0m - ⚠️ Error processing article 4: Message: stale element reference: stale element not found
  (Session info: chrome=141.0.7390.67); For documentation on this error, please visit: https://www.selenium.dev/documentation/webdriver/troubleshooting/errors#stale-element-reference-exception
Stacktrace:
	GetHandleVerifier [0x0x7ff7a55ee955+80021]
	GetHandleVerifier [0x0x7ff7a55ee9b0+80112]
	(No symbol) [0x0x7ff7a537060f]
	(No symbol) [0x0x7ff7a5386e35]
	(No symbol) [0x0x7ff7a5385923]
	(No symbol) [0x0x7ff7a5378ea7]
	(No symbol) [0x0x7ff7a5376d80]
	(No symbol) [0x0x7ff7a537b26f]
	(No symbol) [0x0x7ff7a537b32f]
	(No symbol) [0x0x7ff7a53c8107]
	(No symbol) [0x0x7ff7a53c8b1c]
	(No symbol) [0x0x7ff7a53bb19c]
	(No symbol) [0x0x7ff7a53f126f]
	(No symbol) [0x0x7ff7a53bb056]
	(No symbol) [0x0x7ff7a53f1440]
	(No symbol) [0x0x7ff7a541968a]
	(No symbol) [0x0x7ff7a53f1003]
	(No symbol) [0x0x7ff7a53b95d1]
	(No symbol) [0x0x7ff7a53ba3f3]
	GetHandleVerifier [0x0x7ff7a58add0d+2960461]
	GetHandleVerifier [0x0x7ff7a58a7fca+2936586]
	GetHandleVerifier [0x0x7ff7a58c8a07+3070279]
	GetHandleVerifier [0x0x7ff7a560843e+185214]
	GetHandleVerifier [0x0x7ff7a560fe8f+216527]
	GetHandleVerifier [0x0x7ff7a55f7b94+117460]
	GetHandleVerifier [0x0x7ff7a55f7d4f+117903]
	GetHandleVerifier [0x0x7ff7a55ddc28+11112]
	BaseThreadInitThunk [0x0x7ffd77a4e8d7+23]
	RtlUserThreadStart [0x0x7ffd787e8d9c+44]

2025-10-14 19:06:36 - tools.law_list_crawler - [33mWARNING[0m - ⚠️ Error processing article 5: Message: stale element reference: stale element not found
  (Session info: chrome=141.0.7390.67); For documentation on this error, please visit: https://www.selenium.dev/documentation/webdriver/troubleshooting/errors#stale-element-reference-exception
Stacktrace:
	GetHandleVerifier [0x0x7ff7a55ee955+80021]
	GetHandleVerifier [0x0x7ff7a55ee9b0+80112]
	(No symbol) [0x0x7ff7a537060f]
	(No symbol) [0x0x7ff7a5386e35]
	(No symbol) [0x0x7ff7a5385923]
	(No symbol) [0x0x7ff7a5378ea7]
	(No symbol) [0x0x7ff7a5376d80]
	(No symbol) [0x0x7ff7a537b26f]
	(No symbol) [0x0x7ff7a537b32f]
	(No symbol) [0x0x7ff7a53c8107]
	(No symbol) [0x0x7ff7a53c8b1c]
	(No symbol) [0x0x7ff7a53bb19c]
	(No symbol) [0x0x7ff7a53f126f]
	(No symbol) [0x0x7ff7a53bb056]
	(No symbol) [0x0x7ff7a53f1440]
	(No symbol) [0x0x7ff7a541968a]
	(No symbol) [0x0x7ff7a53f1003]
	(No symbol) [0x0x7ff7a53b95d1]
	(No symbol) [0x0x7ff7a53ba3f3]
	GetHandleVerifier [0x0x7ff7a58add0d+2960461]
	GetHandleVerifier [0x0x7ff7a58a7fca+2936586]
	GetHandleVerifier [0x0x7ff7a58c8a07+3070279]
	GetHandleVerifier [0x0x7ff7a560843e+185214]
	GetHandleVerifier [0x0x7ff7a560fe8f+216527]
	GetHandleVerifier [0x0x7ff7a55f7b94+117460]
	GetHandleVerifier [0x0x7ff7a55f7d4f+117903]
	GetHandleVerifier [0x0x7ff7a55ddc28+11112]
	BaseThreadInitThunk [0x0x7ffd77a4e8d7+23]
	RtlUserThreadStart [0x0x7ffd787e8d9c+44]

2025-10-14 19:06:36 - tools.law_list_crawler - [33mWARNING[0m - ⚠️ Error processing article 6: Message: stale element reference: stale element not found
  (Session info: chrome=141.0.7390.67); For documentation on this error, please visit: https://www.selenium.dev/documentation/webdriver/troubleshooting/errors#stale-element-reference-exception
Stacktrace:
	GetHandleVerifier [0x0x7ff7a55ee955+80021]
	GetHandleVerifier [0x0x7ff7a55ee9b0+80112]
	(No symbol) [0x0x7ff7a537060f]
	(No symbol) [0x0x7ff7a5386e35]
	(No symbol) [0x0x7ff7a5385923]
	(No symbol) [0x0x7ff7a5378ea7]
	(No symbol) [0x0x7ff7a5376d80]
	(No symbol) [0x0x7ff7a537b26f]
	(No symbol) [0x0x7ff7a537b32f]
	(No symbol) [0x0x7ff7a53c8107]
	(No symbol) [0x0x7ff7a53c8b1c]
	(No symbol) [0x0x7ff7a53bb19c]
	(No symbol) [0x0x7ff7a53f126f]
	(No symbol) [0x0x7ff7a53bb056]
	(No symbol) [0x0x7ff7a53f1440]
	(No symbol) [0x0x7ff7a541968a]
	(No symbol) [0x0x7ff7a53f1003]
	(No symbol) [0x0x7ff7a53b95d1]
	(No symbol) [0x0x7ff7a53ba3f3]
	GetHandleVerifier [0x0x7ff7a58add0d+2960461]
	GetHandleVerifier [0x0x7ff7a58a7fca+2936586]
	GetHandleVerifier [0x0x7ff7a58c8a07+3070279]
	GetHandleVerifier [0x0x7ff7a560843e+185214]
	GetHandleVerifier [0x0x7ff7a560fe8f+216527]
	GetHandleVerifier [0x0x7ff7a55f7b94+117460]
	GetHandleVerifier [0x0x7ff7a55f7d4f+117903]
	GetHandleVerifier [0x0x7ff7a55ddc28+11112]
	BaseThreadInitThunk [0x0x7ffd77a4e8d7+23]
	RtlUserThreadStart [0x0x7ffd787e8d9c+44]

2025-10-14 19:06:36 - tools.law_list_crawler - [33mWARNING[0m - ⚠️ Error processing article 7: Message: stale element reference: stale element not found
  (Session info: chrome=141.0.7390.67); For documentation on this error, please visit: https://www.selenium.dev/documentation/webdriver/troubleshooting/errors#stale-element-reference-exception
Stacktrace:
	GetHandleVerifier [0x0x7ff7a55ee955+80021]
	GetHandleVerifier [0x0x7ff7a55ee9b0+80112]
	(No symbol) [0x0x7ff7a537060f]
	(No symbol) [0x0x7ff7a5386e35]
	(No symbol) [0x0x7ff7a5385923]
	(No symbol) [0x0x7ff7a5378ea7]
	(No symbol) [0x0x7ff7a5376d80]
	(No symbol) [0x0x7ff7a537b26f]
	(No symbol) [0x0x7ff7a537b32f]
	(No symbol) [0x0x7ff7a53c8107]
	(No symbol) [0x0x7ff7a53c8b1c]
	(No symbol) [0x0x7ff7a53bb19c]
	(No symbol) [0x0x7ff7a53f126f]
	(No symbol) [0x0x7ff7a53bb056]
	(No symbol) [0x0x7ff7a53f1440]
	(No symbol) [0x0x7ff7a541968a]
	(No symbol) [0x0x7ff7a53f1003]
	(No symbol) [0x0x7ff7a53b95d1]
	(No symbol) [0x0x7ff7a53ba3f3]
	GetHandleVerifier [0x0x7ff7a58add0d+2960461]
	GetHandleVerifier [0x0x7ff7a58a7fca+2936586]
	GetHandleVerifier [0x0x7ff7a58c8a07+3070279]
	GetHandleVerifier [0x0x7ff7a560843e+185214]
	GetHandleVerifier [0x0x7ff7a560fe8f+216527]
	GetHandleVerifier [0x0x7ff7a55f7b94+117460]
	GetHandleVerifier [0x0x7ff7a55f7d4f+117903]
	GetHandleVerifier [0x0x7ff7a55ddc28+11112]
	BaseThreadInitThunk [0x0x7ffd77a4e8d7+23]
	RtlUserThreadStart [0x0x7ffd787e8d9c+44]

2025-10-14 19:06:36 - tools.law_list_crawler - [33mWARNING[0m - ⚠️ Error processing article 8: Message: stale element reference: stale element not found
  (Session info: chrome=141.0.7390.67); For documentation on this error, please visit: https://www.selenium.dev/documentation/webdriver/troubleshooting/errors#stale-element-reference-exception
Stacktrace:
	GetHandleVerifier [0x0x7ff7a55ee955+80021]
	GetHandleVerifier [0x0x7ff7a55ee9b0+80112]
	(No symbol) [0x0x7ff7a537060f]
	(No symbol) [0x0x7ff7a5386e35]
	(No symbol) [0x0x7ff7a5385923]
	(No symbol) [0x0x7ff7a5378ea7]
	(No symbol) [0x0x7ff7a5376d80]
	(No symbol) [0x0x7ff7a537b26f]
	(No symbol) [0x0x7ff7a537b32f]
	(No symbol) [0x0x7ff7a53c8107]
	(No symbol) [0x0x7ff7a53c8b1c]
	(No symbol) [0x0x7ff7a53bb19c]
	(No symbol) [0x0x7ff7a53f126f]
	(No symbol) [0x0x7ff7a53bb056]
	(No symbol) [0x0x7ff7a53f1440]
	(No symbol) [0x0x7ff7a541968a]
	(No symbol) [0x0x7ff7a53f1003]
	(No symbol) [0x0x7ff7a53b95d1]
	(No symbol) [0x0x7ff7a53ba3f3]
	GetHandleVerifier [0x0x7ff7a58add0d+2960461]
	GetHandleVerifier [0x0x7ff7a58a7fca+2936586]
	GetHandleVerifier [0x0x7ff7a58c8a07+3070279]
	GetHandleVerifier [0x0x7ff7a560843e+185214]
	GetHandleVerifier [0x0x7ff7a560fe8f+216527]
	GetHandleVerifier [0x0x7ff7a55f7b94+117460]
	GetHandleVerifier [0x0x7ff7a55f7d4f+117903]
	GetHandleVerifier [0x0x7ff7a55ddc28+11112]
	BaseThreadInitThunk [0x0x7ffd77a4e8d7+23]
	RtlUserThreadStart [0x0x7ffd787e8d9c+44]

2025-10-14 19:06:36 - tools.law_list_crawler - [33mWARNING[0m - ⚠️ Error processing article 9: Message: stale element reference: stale element not found
  (Session info: chrome=141.0.7390.67); For documentation on this error, please visit: https://www.selenium.dev/documentation/webdriver/troubleshooting/errors#stale-element-reference-exception
Stacktrace:
	GetHandleVerifier [0x0x7ff7a55ee955+80021]
	GetHandleVerifier [0x0x7ff7a55ee9b0+80112]
	(No symbol) [0x0x7ff7a537060f]
	(No symbol) [0x0x7ff7a5386e35]
	(No symbol) [0x0x7ff7a5385923]
	(No symbol) [0x0x7ff7a5378ea7]
	(No symbol) [0x0x7ff7a5376d80]
	(No symbol) [0x0x7ff7a537b26f]
	(No symbol) [0x0x7ff7a537b32f]
	(No symbol) [0x0x7ff7a53c8107]
	(No symbol) [0x0x7ff7a53c8b1c]
	(No symbol) [0x0x7ff7a53bb19c]
	(No symbol) [0x0x7ff7a53f126f]
	(No symbol) [0x0x7ff7a53bb056]
	(No symbol) [0x0x7ff7a53f1440]
	(No symbol) [0x0x7ff7a541968a]
	(No symbol) [0x0x7ff7a53f1003]
	(No symbol) [0x0x7ff7a53b95d1]
	(No symbol) [0x0x7ff7a53ba3f3]
	GetHandleVerifier [0x0x7ff7a58add0d+2960461]
	GetHandleVerifier [0x0x7ff7a58a7fca+2936586]
	GetHandleVerifier [0x0x7ff7a58c8a07+3070279]
	GetHandleVerifier [0x0x7ff7a560843e+185214]
	GetHandleVerifier [0x0x7ff7a560fe8f+216527]
	GetHandleVerifier [0x0x7ff7a55f7b94+117460]
	GetHandleVerifier [0x0x7ff7a55f7d4f+117903]
	GetHandleVerifier [0x0x7ff7a55ddc28+11112]
	BaseThreadInitThunk [0x0x7ffd77a4e8d7+23]
	RtlUserThreadStart [0x0x7ffd787e8d9c+44]

2025-10-14 19:06:36 - tools.law_list_crawler - [33mWARNING[0m - ⚠️ Error processing article 10: Message: stale element reference: stale element not found
  (Session info: chrome=141.0.7390.67); For documentation on this error, please visit: https://www.selenium.dev/documentation/webdriver/troubleshooting/errors#stale-element-reference-exception
Stacktrace:
	GetHandleVerifier [0x0x7ff7a55ee955+80021]
	GetHandleVerifier [0x0x7ff7a55ee9b0+80112]
	(No symbol) [0x0x7ff7a537060f]
	(No symbol) [0x0x7ff7a5386e35]
	(No symbol) [0x0x7ff7a5385923]
	(No symbol) [0x0x7ff7a5378ea7]
	(No symbol) [0x0x7ff7a5376d80]
	(No symbol) [0x0x7ff7a537b26f]
	(No symbol) [0x0x7ff7a537b32f]
	(No symbol) [0x0x7ff7a53c8107]
	(No symbol) [0x0x7ff7a53c8b1c]
	(No symbol) [0x0x7ff7a53bb19c]
	(No symbol) [0x0x7ff7a53f126f]
	(No symbol) [0x0x7ff7a53bb056]
	(No symbol) [0x0x7ff7a53f1440]
	(No symbol) [0x0x7ff7a541968a]
	(No symbol) [0x0x7ff7a53f1003]
	(No symbol) [0x0x7ff7a53b95d1]
	(No symbol) [0x0x7ff7a53ba3f3]
	GetHandleVerifier [0x0x7ff7a58add0d+2960461]
	GetHandleVerifier [0x0x7ff7a58a7fca+2936586]
	GetHandleVerifier [0x0x7ff7a58c8a07+3070279]
	GetHandleVerifier [0x0x7ff7a560843e+185214]
	GetHandleVerifier [0x0x7ff7a560fe8f+216527]
	GetHandleVerifier [0x0x7ff7a55f7b94+117460]
	GetHandleVerifier [0x0x7ff7a55f7d4f+117903]
	GetHandleVerifier [0x0x7ff7a55ddc28+11112]
	BaseThreadInitThunk [0x0x7ffd77a4e8d7+23]
	RtlUserThreadStart [0x0x7ffd787e8d9c+44]

2025-10-14 19:06:38 - tools.law_list_crawler - [32mINFO[0m - ✅ Chrome driver closed
2025-10-14 19:06:38 - tools.law_list_crawler - [32mINFO[0m - ✅ Crawl complete: 1 documents found
2025-10-14 19:06:38 - agents.hybrid_agents - [32mINFO[0m - ✅ Found 1 law documents
2025-10-14 19:06:38 - agents.base - [32mINFO[0m - Task completed: manager_20251014_190626
2025-10-14 19:06:38 - agents.manager - [32mINFO[0m - ============================================================
2025-10-14 19:06:38 - agents.manager - [32mINFO[0m - Manager Agent executing...
2025-10-14 19:06:38 - agents.manager - [32mINFO[0m - ============================================================
2025-10-14 19:06:38 - agents.manager - [32mINFO[0m - Current task: search_law_list - completed
2025-10-14 19:06:38 - agents.base - [32mINFO[0m - Created task: manager_20251014_190638 (download_pdfs)
2025-10-14 19:06:38 - agents.manager - [32mINFO[0m - 📥 Next: Download 1 PDFs
2025-10-14 19:06:38 - agents.manager - [32mINFO[0m - 🔍 End of Manager logic: next_task=True, is_complete=False
2025-10-14 19:06:38 - agents.manager - [32mINFO[0m - ✅ Setting next task: download_pdfs (status: pending)
2025-10-14 19:06:38 - agents.manager - [32mINFO[0m - 🔄 Manager returning state with current_task=download_pdfs
2025-10-14 19:06:38 - core.auto - [32mINFO[0m -  Routing: current_task=download_pdfs, is_complete=False
2025-10-14 19:06:38 - core.auto - [32mINFO[0m -  Routing to: pdf_download_agent
2025-10-14 19:06:38 - agents.hybrid_agents - [32mINFO[0m - 📥 PDF Download Agent executing...
2025-10-14 19:06:38 - agents.hybrid_agents - [32mINFO[0m - 📥 Downloading 1 PDFs...
2025-10-14 19:06:38 - tools.pdf_downloader - [32mINFO[0m - Downloading 1/1: cfbc89c1df09676e
2025-10-14 19:06:38 - tools.pdf_downloader - [32mINFO[0m - Downloading PDF: https://gatewayduthaoonline.quochoi.vn/uploadFiles/host/local/2025/10/9/9/75ecb748d62c41659cb717132a353c2a.pdf
2025-10-14 19:06:40 - tools.pdf_downloader - [31mERROR[0m - PDF download error: HTTPSConnectionPool(host='gatewayduthaoonline.quochoi.vn', port=443): Max retries exceeded with url: /uploadFiles/host/local/2025/10/9/9/75ecb748d62c41659cb717132a353c2a.pdf (Caused by SSLError(SSLCertVerificationError(1, '[SSL: CERTIFICATE_VERIFY_FAILED] certificate verify failed: unable to get local issuer certificate (_ssl.c:1006)')))
2025-10-14 19:06:40 - tools.pdf_downloader - [32mINFO[0m - ✅ Downloaded: 0 | Cached: 0 | Failed: 1
2025-10-14 19:06:40 - agents.hybrid_agents - [32mINFO[0m - ✅ Downloaded: 0 | Cached: 0 | Total: 0
2025-10-14 19:06:40 - agents.base - [32mINFO[0m - Task completed: manager_20251014_190638
2025-10-14 19:06:40 - agents.manager - [32mINFO[0m - ============================================================
2025-10-14 19:06:40 - agents.manager - [32mINFO[0m - Manager Agent executing...
2025-10-14 19:06:40 - agents.manager - [32mINFO[0m - ============================================================
2025-10-14 19:06:40 - agents.manager - [32mINFO[0m - Current task: download_pdfs - completed
2025-10-14 19:06:40 - agents.manager - [32mINFO[0m - 🔍 End of Manager logic: next_task=False, is_complete=False
2025-10-14 19:06:40 - agents.manager - [33mWARNING[0m - ⚠️ Current task completed but no next task created
2025-10-14 19:06:40 - agents.manager - [33mWARNING[0m - ⚠️ Task: download_pdfs
2025-10-14 19:06:40 - agents.manager - [33mWARNING[0m - ⚠️ Marking workflow as complete to avoid infinite loop
2025-10-14 19:06:40 - agents.manager - [32mINFO[0m - 🔄 Manager returning state with current_task=download_pdfs
2025-10-14 19:06:40 - core.auto - [32mINFO[0m -  Routing: current_task=download_pdfs, is_complete=True
2025-10-14 19:06:40 - core.auto - [32mINFO[0m -  Workflow marked as complete, ending
2025-10-14 19:06:40 - core.auto - [32mINFO[0m - ================================================================================
2025-10-14 19:06:40 - core.auto - [32mINFO[0m - Workflow Report
2025-10-14 19:06:40 - core.auto - [32mINFO[0m - ================================================================================
2025-10-14 19:06:40 - core.auto - [32mINFO[0m - project_name: Luật trí tuệ nhân tạo
2025-10-14 19:06:40 - core.auto - [32mINFO[0m - started_at: 2025-10-14 19:06:26.567922
2025-10-14 19:06:40 - core.auto - [32mINFO[0m - completed_at: 2025-10-14 19:06:40.029257
2025-10-14 19:06:40 - core.auto - [32mINFO[0m - total_tasks: 2
2025-10-14 19:06:40 - core.auto - [32mINFO[0m - completed_tasks: 2
2025-10-14 19:06:40 - core.auto - [32mINFO[0m - failed_tasks: 0
2025-10-14 19:06:40 - core.auto - [32mINFO[0m - errors_count: 0
2025-10-14 19:06:40 - core.auto - [32mINFO[0m - warnings_count: 0
2025-10-14 19:06:40 - core.auto - [32mINFO[0m - law_documents_found: 1
2025-10-14 19:06:40 - core.auto - [32mINFO[0m - pdfs_downloaded: 0
2025-10-14 19:06:40 - core.auto - [32mINFO[0m - keywords_extracted: False
2025-10-14 19:06:40 - core.auto - [32mINFO[0m - opinion_urls_found: 0
2025-10-14 19:06:40 - core.auto - [32mINFO[0m - opinions_crawled: 0
2025-10-14 19:06:40 - core.auto - [32mINFO[0m - opinions_analyzed: 0
2025-10-14 19:06:40 - core.auto - [32mINFO[0m - csv_exported: False
2025-10-14 19:06:40 - core.auto - [32mINFO[0m - ================================================================================
2025-10-14 19:06:40 - root - [32mINFO[0m - ================================================================================
2025-10-14 19:06:40 - root - [32mINFO[0m -  Workflow completed successfully!
2025-10-14 19:06:40 - root - [32mINFO[0m - ================================================================================
2025-10-14 19:06:40 - root - [32mINFO[0m - 
================================================================================
2025-10-14 19:06:40 - root - [32mINFO[0m - HYBRID WORKFLOW RESULTS
2025-10-14 19:06:40 - root - [32mINFO[0m - ================================================================================
2025-10-14 19:06:40 - root - [32mINFO[0m - 
📋 PHASE 1 - Law Documents:
2025-10-14 19:06:40 - root - [32mINFO[0m -    Law Documents Found: 1
2025-10-14 19:06:40 - root - [32mINFO[0m -    PDFs Downloaded: 0
2025-10-14 19:06:40 - root - [32mINFO[0m - 
💬 PHASE 2 - Opinions:
2025-10-14 19:06:40 - root - [32mINFO[0m -    Opinion URLs Found: 0
2025-10-14 19:06:40 - root - [32mINFO[0m -    Opinions Crawled (Full Content): 0
2025-10-14 19:06:40 - root - [32mINFO[0m - 
🧠 PHASE 3 - NLP Analysis:
2025-10-14 19:06:40 - root - [32mINFO[0m -    Opinions Analyzed: 0
2025-10-14 19:06:40 - root - [32mINFO[0m - 
💾 PHASE 4 - Export:
2025-10-14 19:06:40 - root - [32mINFO[0m -  News Articles Crawled: 0
2025-10-14 19:06:40 - root - [32mINFO[0m -  Opinion Articles Analyzed: 0
2025-10-14 19:06:40 - root - [32mINFO[0m - ================================================================================
