2025-10-14 18:29:44 - root - [32mINFO[0m - ============================================================
2025-10-14 18:29:44 - root - [32mINFO[0m - Logging initialized
2025-10-14 18:29:44 - root - [32mINFO[0m - Log level: INFO
2025-10-14 18:29:44 - root - [32mINFO[0m - Log file: D:\AutoData2\AutoData2\thamluan\logs\autodata_20251014_182944.log
2025-10-14 18:29:44 - root - [32mINFO[0m - ============================================================
2025-10-14 18:29:44 - root - [32mINFO[0m - ================================================================================
2025-10-14 18:29:44 - root - [32mINFO[0m - AutoData - HYBRID WORKFLOW (PDF + Opinion Crawler)
2025-10-14 18:29:44 - root - [32mINFO[0m - ================================================================================
2025-10-14 18:29:44 - root - [32mINFO[0m - Pipeline: Law List → PDF → Extract → Opinions → NLP → Export
2025-10-14 18:29:44 - root - [32mINFO[0m - ================================================================================
2025-10-14 18:31:27 - root - [32mINFO[0m - Topic/Project: Luật trí tuệ nhân tạo
2025-10-14 18:31:27 - root - [32mINFO[0m - Running workflow asynchronously...
2025-10-14 18:31:27 - core.auto - [32mINFO[0m - ================================================================================
2025-10-14 18:31:27 - core.auto - [32mINFO[0m - Starting AutoData Workflow (Article-Based)
2025-10-14 18:31:27 - core.auto - [32mINFO[0m - ================================================================================
2025-10-14 18:31:27 - core.auto - [32mINFO[0m - Topic/Project: Luật trí tuệ nhân tạo
2025-10-14 18:31:27 - core.auto - [32mINFO[0m - ================================================================================
2025-10-14 18:31:27 - core.auto - [32mINFO[0m -  Executing workflow asynchronously...
2025-10-14 18:31:27 - agents.manager - [32mINFO[0m - ============================================================
2025-10-14 18:31:27 - agents.manager - [32mINFO[0m - Manager Agent executing...
2025-10-14 18:31:27 - agents.manager - [32mINFO[0m - ============================================================
2025-10-14 18:31:27 - agents.manager - [32mINFO[0m - Starting HYBRID workflow...
2025-10-14 18:31:27 - agents.manager - [32mINFO[0m - Project/Topic: Luật trí tuệ nhân tạo
2025-10-14 18:31:27 - agents.manager - [32mINFO[0m - Reference URL: Not provided
2025-10-14 18:31:27 - agents.base - [32mINFO[0m - Created task: manager_20251014_183127 (search_law_list)
2025-10-14 18:31:27 - agents.manager - [32mINFO[0m - ✅ Created first task: search_law_list
2025-10-14 18:31:27 - core.auto - [32mINFO[0m -  Routing: current_task=search_law_list, is_complete=False
2025-10-14 18:31:27 - core.auto - [32mINFO[0m -  Routing to: law_list_search_agent
2025-10-14 18:31:27 - agents.hybrid_agents - [32mINFO[0m - 📋 Law List Search Agent executing...
2025-10-14 18:31:27 - agents.hybrid_agents - [32mINFO[0m - 🔍 Searching law documents for: Luật trí tuệ nhân tạo
2025-10-14 18:31:27 - tools.law_list_crawler - [32mINFO[0m - 🔍 Crawling law list for topic: 'Luật trí tuệ nhân tạo'
2025-10-14 18:31:27 - tools.law_list_crawler - [32mINFO[0m - 📍 Source: https://duthaoonline.quochoi.vn/du-thao
2025-10-14 18:31:27 - tools.law_list_crawler - [32mINFO[0m - 🎯 Similarity threshold: 0.3
2025-10-14 18:31:29 - tools.law_list_crawler - [32mINFO[0m - ✅ Chrome driver initialized (headless mode)
2025-10-14 18:31:29 - tools.law_list_crawler - [32mINFO[0m - 🌐 Loading page: https://duthaoonline.quochoi.vn/du-thao
2025-10-14 18:31:29 - tools.law_list_crawler - [32mINFO[0m - ⏳ Waiting for content to load...
2025-10-14 18:31:34 - tools.law_list_crawler - [32mINFO[0m - ✅ Page loaded successfully
2025-10-14 18:31:34 - tools.law_list_crawler - [32mINFO[0m - 📄 Found 10 articles on page
2025-10-14 18:31:34 - tools.law_list_crawler - [32mINFO[0m - 📰 Article 1/10:
2025-10-14 18:31:34 - tools.law_list_crawler - [32mINFO[0m -    Title: Luật Trí tuệ nhân tạo...
2025-10-14 18:31:34 - tools.law_list_crawler - [32mINFO[0m -    Similarity: 100.00%
2025-10-14 18:31:34 - tools.law_list_crawler - [32mINFO[0m -    ✅ MATCH! (threshold: 0.3)
2025-10-14 18:31:34 - tools.law_list_crawler - [32mINFO[0m -    💾 Saved: 1/20
2025-10-14 18:31:34 - tools.law_list_crawler - [32mINFO[0m - 📰 Article 2/10:
2025-10-14 18:31:34 - tools.law_list_crawler - [32mINFO[0m -    Title: Luật Đầu tư kinh doanh...
2025-10-14 18:31:34 - tools.law_list_crawler - [32mINFO[0m -    Similarity: 51.16%
2025-10-14 18:31:34 - tools.law_list_crawler - [32mINFO[0m -    ✅ MATCH! (threshold: 0.3)
2025-10-14 18:31:34 - tools.law_list_crawler - [32mINFO[0m -    💾 Saved: 2/20
2025-10-14 18:31:34 - tools.law_list_crawler - [32mINFO[0m - 📰 Article 3/10:
2025-10-14 18:31:34 - tools.law_list_crawler - [32mINFO[0m -    Title: Luật sửa đổi, bổ sung một số điều của Luật Quy hoạch Đô thị và nông thôn...
2025-10-14 18:31:34 - tools.law_list_crawler - [32mINFO[0m -    Similarity: 27.96%
2025-10-14 18:31:34 - tools.law_list_crawler - [32mINFO[0m -    ❌ Below threshold, skipping
2025-10-14 18:31:34 - tools.law_list_crawler - [32mINFO[0m - 📰 Article 4/10:
2025-10-14 18:31:34 - tools.law_list_crawler - [32mINFO[0m -    Title: Luật Xây dựng (sửa đổi)...
2025-10-14 18:31:34 - tools.law_list_crawler - [32mINFO[0m -    Similarity: 36.36%
2025-10-14 18:31:34 - tools.law_list_crawler - [32mINFO[0m -    ✅ MATCH! (threshold: 0.3)
2025-10-14 18:31:34 - tools.law_list_crawler - [32mINFO[0m -    💾 Saved: 3/20
2025-10-14 18:31:34 - tools.law_list_crawler - [32mINFO[0m - 📰 Article 5/10:
2025-10-14 18:31:34 - tools.law_list_crawler - [32mINFO[0m -    Title: Luật sửa đổi, bổ sung một số điều của Luật Thống kê số 89/2015/QH13 và Luật số 0...
2025-10-14 18:31:34 - tools.law_list_crawler - [32mINFO[0m -    Similarity: 10.68%
2025-10-14 18:31:34 - tools.law_list_crawler - [32mINFO[0m -    ❌ Below threshold, skipping
2025-10-14 18:31:34 - tools.law_list_crawler - [32mINFO[0m - 📰 Article 6/10:
2025-10-14 18:31:34 - tools.law_list_crawler - [32mINFO[0m -    Title: Luật Quản lý thuế (sửa đổi)...
2025-10-14 18:31:34 - tools.law_list_crawler - [32mINFO[0m -    Similarity: 41.67%
2025-10-14 18:31:34 - tools.law_list_crawler - [32mINFO[0m -    ✅ MATCH! (threshold: 0.3)
2025-10-14 18:31:34 - tools.law_list_crawler - [32mINFO[0m -    💾 Saved: 4/20
2025-10-14 18:31:34 - tools.law_list_crawler - [32mINFO[0m - 📰 Article 7/10:
2025-10-14 18:31:34 - tools.law_list_crawler - [32mINFO[0m -    Title: Luật Công nghệ cao (sửa đổi)...
2025-10-14 18:31:34 - tools.law_list_crawler - [32mINFO[0m -    Similarity: 36.73%
2025-10-14 18:31:34 - tools.law_list_crawler - [32mINFO[0m -    ✅ MATCH! (threshold: 0.3)
2025-10-14 18:31:34 - tools.law_list_crawler - [32mINFO[0m -    💾 Saved: 5/20
2025-10-14 18:31:34 - tools.law_list_crawler - [32mINFO[0m - 📰 Article 8/10:
2025-10-14 18:31:34 - tools.law_list_crawler - [32mINFO[0m -    Title: Luật sửa đổi, bổ sung một số điều của Luật Kinh doanh bảo hiểm...
2025-10-14 18:31:34 - tools.law_list_crawler - [32mINFO[0m -    Similarity: 33.73%
2025-10-14 18:31:34 - tools.law_list_crawler - [32mINFO[0m -    ✅ MATCH! (threshold: 0.3)
2025-10-14 18:31:34 - tools.law_list_crawler - [32mINFO[0m -    💾 Saved: 6/20
2025-10-14 18:31:34 - tools.law_list_crawler - [32mINFO[0m - 📰 Article 9/10:
2025-10-14 18:31:34 - tools.law_list_crawler - [32mINFO[0m -    Title: Luật sửa đổi, bổ sung một số điều của Luật Sở hữu trí tuệ...
2025-10-14 18:31:34 - tools.law_list_crawler - [32mINFO[0m -    Similarity: 30.77%
2025-10-14 18:31:34 - tools.law_list_crawler - [32mINFO[0m -    ✅ MATCH! (threshold: 0.3)
2025-10-14 18:31:34 - tools.law_list_crawler - [32mINFO[0m -    💾 Saved: 7/20
2025-10-14 18:31:34 - tools.law_list_crawler - [32mINFO[0m - 📰 Article 10/10:
2025-10-14 18:31:34 - tools.law_list_crawler - [32mINFO[0m -    Title: Luật sửa đổi, bổ sung một số điều của Luật Chuyển giao công nghệ...
2025-10-14 18:31:34 - tools.law_list_crawler - [32mINFO[0m -    Similarity: 28.24%
2025-10-14 18:31:34 - tools.law_list_crawler - [32mINFO[0m -    ❌ Below threshold, skipping
2025-10-14 18:31:36 - tools.law_list_crawler - [32mINFO[0m - ✅ Chrome driver closed
2025-10-14 18:31:36 - tools.law_list_crawler - [32mINFO[0m - ✅ Crawl complete: 7 documents found
2025-10-14 18:31:36 - agents.hybrid_agents - [32mINFO[0m - ✅ Found 7 law documents
2025-10-14 18:31:36 - agents.base - [32mINFO[0m - Task completed: manager_20251014_183127
2025-10-14 18:31:36 - agents.manager - [32mINFO[0m - ============================================================
2025-10-14 18:31:36 - agents.manager - [32mINFO[0m - Manager Agent executing...
2025-10-14 18:31:36 - agents.manager - [32mINFO[0m - ============================================================
2025-10-14 18:31:36 - agents.manager - [32mINFO[0m - Current task: search_law_list - completed
2025-10-14 18:31:36 - agents.base - [32mINFO[0m - Created task: manager_20251014_183136 (download_pdfs)
2025-10-14 18:31:36 - agents.manager - [32mINFO[0m - 📥 Next: Download 7 PDFs
2025-10-14 18:31:36 - agents.manager - [32mINFO[0m - 🔍 End of Manager logic: next_task=True, is_complete=False
2025-10-14 18:31:36 - agents.manager - [32mINFO[0m - ✅ Setting next task: download_pdfs (status: pending)
2025-10-14 18:31:36 - agents.manager - [32mINFO[0m - 🔄 Manager returning state with current_task=download_pdfs
2025-10-14 18:31:36 - core.auto - [32mINFO[0m -  Routing: current_task=download_pdfs, is_complete=False
2025-10-14 18:31:36 - core.auto - [32mINFO[0m -  Routing to: pdf_download_agent
2025-10-14 18:31:36 - agents.hybrid_agents - [32mINFO[0m - 📥 PDF Download Agent executing...
2025-10-14 18:31:36 - agents.hybrid_agents - [32mINFO[0m - 📥 Downloading 0 PDFs...
2025-10-14 18:31:36 - tools.pdf_downloader - [32mINFO[0m - ✅ Downloaded: 0 | Cached: 0 | Failed: 0
2025-10-14 18:31:36 - agents.hybrid_agents - [32mINFO[0m - ✅ Downloaded: 0 | Cached: 0 | Total: 0
2025-10-14 18:31:36 - agents.base - [32mINFO[0m - Task completed: manager_20251014_183136
2025-10-14 18:31:36 - agents.manager - [32mINFO[0m - ============================================================
2025-10-14 18:31:36 - agents.manager - [32mINFO[0m - Manager Agent executing...
2025-10-14 18:31:36 - agents.manager - [32mINFO[0m - ============================================================
2025-10-14 18:31:36 - agents.manager - [32mINFO[0m - Current task: download_pdfs - completed
2025-10-14 18:31:36 - agents.manager - [32mINFO[0m - 🔍 End of Manager logic: next_task=False, is_complete=False
2025-10-14 18:31:36 - agents.manager - [33mWARNING[0m - ⚠️ Current task completed but no next task created
2025-10-14 18:31:36 - agents.manager - [33mWARNING[0m - ⚠️ Task: download_pdfs
2025-10-14 18:31:36 - agents.manager - [33mWARNING[0m - ⚠️ Marking workflow as complete to avoid infinite loop
2025-10-14 18:31:36 - agents.manager - [32mINFO[0m - 🔄 Manager returning state with current_task=download_pdfs
2025-10-14 18:31:36 - core.auto - [32mINFO[0m -  Routing: current_task=download_pdfs, is_complete=True
2025-10-14 18:31:36 - core.auto - [32mINFO[0m -  Workflow marked as complete, ending
2025-10-14 18:31:36 - core.auto - [32mINFO[0m - ================================================================================
2025-10-14 18:31:36 - core.auto - [32mINFO[0m - Workflow Report
2025-10-14 18:31:36 - core.auto - [32mINFO[0m - ================================================================================
2025-10-14 18:31:36 - core.auto - [32mINFO[0m - project_name: Luật trí tuệ nhân tạo
2025-10-14 18:31:36 - core.auto - [32mINFO[0m - started_at: 2025-10-14 18:31:27.544479
2025-10-14 18:31:36 - core.auto - [32mINFO[0m - completed_at: 2025-10-14 18:31:36.914935
2025-10-14 18:31:36 - core.auto - [32mINFO[0m - total_tasks: 2
2025-10-14 18:31:36 - core.auto - [32mINFO[0m - completed_tasks: 2
2025-10-14 18:31:36 - core.auto - [32mINFO[0m - failed_tasks: 0
2025-10-14 18:31:36 - core.auto - [32mINFO[0m - errors_count: 0
2025-10-14 18:31:36 - core.auto - [32mINFO[0m - warnings_count: 0
2025-10-14 18:31:36 - core.auto - [32mINFO[0m - law_documents_found: 7
2025-10-14 18:31:36 - core.auto - [32mINFO[0m - pdfs_downloaded: 0
2025-10-14 18:31:36 - core.auto - [32mINFO[0m - keywords_extracted: False
2025-10-14 18:31:36 - core.auto - [32mINFO[0m - opinion_urls_found: 0
2025-10-14 18:31:36 - core.auto - [32mINFO[0m - opinions_crawled: 0
2025-10-14 18:31:36 - core.auto - [32mINFO[0m - opinions_analyzed: 0
2025-10-14 18:31:36 - core.auto - [32mINFO[0m - csv_exported: False
2025-10-14 18:31:36 - core.auto - [32mINFO[0m - ================================================================================
2025-10-14 18:31:36 - root - [32mINFO[0m - ================================================================================
2025-10-14 18:31:36 - root - [32mINFO[0m -  Workflow completed successfully!
2025-10-14 18:31:36 - root - [32mINFO[0m - ================================================================================
2025-10-14 18:31:36 - root - [32mINFO[0m - 
================================================================================
2025-10-14 18:31:36 - root - [32mINFO[0m - HYBRID WORKFLOW RESULTS
2025-10-14 18:31:36 - root - [32mINFO[0m - ================================================================================
2025-10-14 18:31:36 - root - [32mINFO[0m - 
📋 PHASE 1 - Law Documents:
2025-10-14 18:31:36 - root - [32mINFO[0m -    Law Documents Found: 7
2025-10-14 18:31:36 - root - [32mINFO[0m -    PDFs Downloaded: 0
2025-10-14 18:31:36 - root - [32mINFO[0m - 
💬 PHASE 2 - Opinions:
2025-10-14 18:31:36 - root - [32mINFO[0m -    Opinion URLs Found: 0
2025-10-14 18:31:36 - root - [32mINFO[0m -    Opinions Crawled (Full Content): 0
2025-10-14 18:31:36 - root - [32mINFO[0m - 
🧠 PHASE 3 - NLP Analysis:
2025-10-14 18:31:36 - root - [32mINFO[0m -    Opinions Analyzed: 0
2025-10-14 18:31:36 - root - [32mINFO[0m - 
💾 PHASE 4 - Export:
2025-10-14 18:31:36 - root - [32mINFO[0m -  News Articles Crawled: 0
2025-10-14 18:31:36 - root - [32mINFO[0m -  Opinion Articles Analyzed: 0
2025-10-14 18:31:36 - root - [32mINFO[0m - ================================================================================
